Archive member included because of file (symbol)

c:/winavr-20081118rc2/bin/../lib/gcc/avr/4.3.2/avr51\libgcc.a(_exit.o)
                              c:/winavr-20081118rc2/bin/../lib/gcc/avr/4.3.2/../../../../avr/lib/avr51/crtm128.o (exit)
c:/winavr-20081118rc2/bin/../lib/gcc/avr/4.3.2/avr51\libgcc.a(_clear_bss.o)
                              evb.o (__do_clear_bss)
c:/winavr-20081118rc2/bin/../lib/gcc/avr/4.3.2/avr51\libgcc.a(_fixunssfsi.o)
                              delay.o (__fixunssfsi)
c:/winavr-20081118rc2/bin/../lib/gcc/avr/4.3.2/avr51\libgcc.a(_addsub_sf.o)
                              c:/winavr-20081118rc2/bin/../lib/gcc/avr/4.3.2/avr51\libgcc.a(_fixunssfsi.o) (__subsf3)
c:/winavr-20081118rc2/bin/../lib/gcc/avr/4.3.2/avr51\libgcc.a(_mul_sf.o)
                              delay.o (__mulsf3)
c:/winavr-20081118rc2/bin/../lib/gcc/avr/4.3.2/avr51\libgcc.a(_div_sf.o)
                              delay.o (__divsf3)
c:/winavr-20081118rc2/bin/../lib/gcc/avr/4.3.2/avr51\libgcc.a(_gt_sf.o)
                              delay.o (__gtsf2)
c:/winavr-20081118rc2/bin/../lib/gcc/avr/4.3.2/avr51\libgcc.a(_ge_sf.o)
                              c:/winavr-20081118rc2/bin/../lib/gcc/avr/4.3.2/avr51\libgcc.a(_fixunssfsi.o) (__gesf2)
c:/winavr-20081118rc2/bin/../lib/gcc/avr/4.3.2/avr51\libgcc.a(_lt_sf.o)
                              delay.o (__ltsf2)
c:/winavr-20081118rc2/bin/../lib/gcc/avr/4.3.2/avr51\libgcc.a(_sf_to_si.o)
                              c:/winavr-20081118rc2/bin/../lib/gcc/avr/4.3.2/avr51\libgcc.a(_fixunssfsi.o) (__fixsfsi)
c:/winavr-20081118rc2/bin/../lib/gcc/avr/4.3.2/avr51\libgcc.a(_thenan_sf.o)
                              c:/winavr-20081118rc2/bin/../lib/gcc/avr/4.3.2/avr51\libgcc.a(_addsub_sf.o) (__thenan_sf)
c:/winavr-20081118rc2/bin/../lib/gcc/avr/4.3.2/avr51\libgcc.a(_usi_to_sf.o)
                              delay.o (__floatunsisf)
c:/winavr-20081118rc2/bin/../lib/gcc/avr/4.3.2/avr51\libgcc.a(_prologue.o)
                              c:/winavr-20081118rc2/bin/../lib/gcc/avr/4.3.2/avr51\libgcc.a(_addsub_sf.o) (__prologue_saves__)
c:/winavr-20081118rc2/bin/../lib/gcc/avr/4.3.2/avr51\libgcc.a(_epilogue.o)
                              c:/winavr-20081118rc2/bin/../lib/gcc/avr/4.3.2/avr51\libgcc.a(_addsub_sf.o) (__epilogue_restores__)
c:/winavr-20081118rc2/bin/../lib/gcc/avr/4.3.2/avr51\libgcc.a(_clzsi2.o)
                              c:/winavr-20081118rc2/bin/../lib/gcc/avr/4.3.2/avr51\libgcc.a(_usi_to_sf.o) (__clzsi2)
c:/winavr-20081118rc2/bin/../lib/gcc/avr/4.3.2/avr51\libgcc.a(_pack_sf.o)
                              c:/winavr-20081118rc2/bin/../lib/gcc/avr/4.3.2/avr51\libgcc.a(_addsub_sf.o) (__pack_f)
c:/winavr-20081118rc2/bin/../lib/gcc/avr/4.3.2/avr51\libgcc.a(_unpack_sf.o)
                              c:/winavr-20081118rc2/bin/../lib/gcc/avr/4.3.2/avr51\libgcc.a(_addsub_sf.o) (__unpack_f)
c:/winavr-20081118rc2/bin/../lib/gcc/avr/4.3.2/avr51\libgcc.a(_fpcmp_parts_sf.o)
                              c:/winavr-20081118rc2/bin/../lib/gcc/avr/4.3.2/avr51\libgcc.a(_gt_sf.o) (__fpcmp_parts_f)
c:/winavr-20081118rc2/bin/../lib/gcc/avr/4.3.2/avr51\libgcc.a(_clz.o)
                              c:/winavr-20081118rc2/bin/../lib/gcc/avr/4.3.2/avr51\libgcc.a(_clzsi2.o) (__clz_tab)
c:/winavr-20081118rc2/bin/../lib/gcc/avr/4.3.2/../../../../avr/lib/avr51\libc.a(memcpy.o)
                              evb.o (memcpy)
c:/winavr-20081118rc2/bin/../lib/gcc/avr/4.3.2/../../../../avr/lib/avr51\libc.a(memset.o)
                              evb.o (memset)
c:/winavr-20081118rc2/bin/../lib/gcc/avr/4.3.2/../../../../avr/lib/avr51\libc.a(strcpy.o)
                              wiz_util.o (strcpy)
c:/winavr-20081118rc2/bin/../lib/gcc/avr/4.3.2/../../../../avr/lib/avr51\libc.a(fdevopen.o)
                              serial.o (fdevopen)
c:/winavr-20081118rc2/bin/../lib/gcc/avr/4.3.2/../../../../avr/lib/avr51\libc.a(iob.o)
                              c:/winavr-20081118rc2/bin/../lib/gcc/avr/4.3.2/../../../../avr/lib/avr51\libc.a(fdevopen.o) (__iob)
c:/winavr-20081118rc2/bin/../lib/gcc/avr/4.3.2/../../../../avr/lib/avr51\libc.a(printf.o)
                              socket.o (printf)
c:/winavr-20081118rc2/bin/../lib/gcc/avr/4.3.2/../../../../avr/lib/avr51\libc.a(puts.o)
                              socket.o (puts)
c:/winavr-20081118rc2/bin/../lib/gcc/avr/4.3.2/../../../../avr/lib/avr51\libc.a(sprintf.o)
                              wiz_util.o (sprintf)
c:/winavr-20081118rc2/bin/../lib/gcc/avr/4.3.2/../../../../avr/lib/avr51\libc.a(vfprintf_std.o)
                              c:/winavr-20081118rc2/bin/../lib/gcc/avr/4.3.2/../../../../avr/lib/avr51\libc.a(printf.o) (vfprintf)
c:/winavr-20081118rc2/bin/../lib/gcc/avr/4.3.2/../../../../avr/lib/avr51\libc.a(calloc.o)
                              c:/winavr-20081118rc2/bin/../lib/gcc/avr/4.3.2/../../../../avr/lib/avr51\libc.a(fdevopen.o) (calloc)
c:/winavr-20081118rc2/bin/../lib/gcc/avr/4.3.2/../../../../avr/lib/avr51\libc.a(malloc.o)
                              c:/winavr-20081118rc2/bin/../lib/gcc/avr/4.3.2/../../../../avr/lib/avr51\libc.a(calloc.o) (malloc)
c:/winavr-20081118rc2/bin/../lib/gcc/avr/4.3.2/../../../../avr/lib/avr51\libc.a(strnlen_P.o)
                              c:/winavr-20081118rc2/bin/../lib/gcc/avr/4.3.2/../../../../avr/lib/avr51\libc.a(vfprintf_std.o) (strnlen_P)
c:/winavr-20081118rc2/bin/../lib/gcc/avr/4.3.2/../../../../avr/lib/avr51\libc.a(strnlen.o)
                              c:/winavr-20081118rc2/bin/../lib/gcc/avr/4.3.2/../../../../avr/lib/avr51\libc.a(vfprintf_std.o) (strnlen)
c:/winavr-20081118rc2/bin/../lib/gcc/avr/4.3.2/../../../../avr/lib/avr51\libc.a(fputc.o)
                              c:/winavr-20081118rc2/bin/../lib/gcc/avr/4.3.2/../../../../avr/lib/avr51\libc.a(vfprintf_std.o) (fputc)
c:/winavr-20081118rc2/bin/../lib/gcc/avr/4.3.2/../../../../avr/lib/avr51\libc.a(ultoa_invert.o)
                              c:/winavr-20081118rc2/bin/../lib/gcc/avr/4.3.2/../../../../avr/lib/avr51\libc.a(vfprintf_std.o) (__ultoa_invert)

Allocating common symbols
Common symbol       size              file

check_sendok_flag   0x8               socket.o
first_send_flag     0x8               socket.o
__brkval            0x2               c:/winavr-20081118rc2/bin/../lib/gcc/avr/4.3.2/../../../../avr/lib/avr51\libc.a(malloc.o)
local_port          0x2               socket.o
SOCK_INT            0x8               w5300.o
__flp               0x2               c:/winavr-20081118rc2/bin/../lib/gcc/avr/4.3.2/../../../../avr/lib/avr51\libc.a(malloc.o)
RXMEM_SIZE          0x20              w5300.o
__iob               0x6               c:/winavr-20081118rc2/bin/../lib/gcc/avr/4.3.2/../../../../avr/lib/avr51\libc.a(iob.o)
TXMEM_SIZE          0x20              w5300.o

Memory Configuration

Name             Origin             Length             Attributes
text             0x00000000         0x00020000         xr
data             0x00800060         0x0000ffa0         rw !x
eeprom           0x00810000         0x00010000         rw !x
fuse             0x00820000         0x00000400         rw !x
lock             0x00830000         0x00000400         rw !x
signature        0x00840000         0x00000400         rw !x
*default*        0x00000000         0xffffffff

Linker script and memory map

Address of section .data set to 0x800100
LOAD c:/winavr-20081118rc2/bin/../lib/gcc/avr/4.3.2/../../../../avr/lib/avr51/crtm128.o
LOAD evb.o
LOAD socket.o
LOAD w5300.o
LOAD main.o
LOAD delay.o
LOAD serial.o
LOAD wiz_util.o
LOAD lcd.o
LOAD c:/winavr-20081118rc2/bin/../lib/gcc/avr/4.3.2/avr51\libgcc.a
LOAD c:/winavr-20081118rc2/bin/../lib/gcc/avr/4.3.2/../../../../avr/lib/avr51\libc.a
LOAD c:/winavr-20081118rc2/bin/../lib/gcc/avr/4.3.2/avr51\libgcc.a

.hash
 *(.hash)

.dynsym
 *(.dynsym)

.dynstr
 *(.dynstr)

.gnu.version
 *(.gnu.version)

.gnu.version_d
 *(.gnu.version_d)

.gnu.version_r
 *(.gnu.version_r)

.rel.init
 *(.rel.init)

.rela.init
 *(.rela.init)

.rel.text
 *(.rel.text)
 *(.rel.text.*)
 *(.rel.gnu.linkonce.t*)

.rela.text
 *(.rela.text)
 *(.rela.text.*)
 *(.rela.gnu.linkonce.t*)

.rel.fini
 *(.rel.fini)

.rela.fini
 *(.rela.fini)

.rel.rodata
 *(.rel.rodata)
 *(.rel.rodata.*)
 *(.rel.gnu.linkonce.r*)

.rela.rodata
 *(.rela.rodata)
 *(.rela.rodata.*)
 *(.rela.gnu.linkonce.r*)

.rel.data
 *(.rel.data)
 *(.rel.data.*)
 *(.rel.gnu.linkonce.d*)

.rela.data
 *(.rela.data)
 *(.rela.data.*)
 *(.rela.gnu.linkonce.d*)

.rel.ctors
 *(.rel.ctors)

.rela.ctors
 *(.rela.ctors)

.rel.dtors
 *(.rel.dtors)

.rela.dtors
 *(.rela.dtors)

.rel.got
 *(.rel.got)

.rela.got
 *(.rela.got)

.rel.bss
 *(.rel.bss)

.rela.bss
 *(.rela.bss)

.rel.plt
 *(.rel.plt)

.rela.plt
 *(.rela.plt)

.text           0x00000000     0x45fc
 *(.vectors)
 .vectors       0x00000000       0x8c c:/winavr-20081118rc2/bin/../lib/gcc/avr/4.3.2/../../../../avr/lib/avr51/crtm128.o
                0x00000000                __vectors
                0x00000000                __vector_default
 *(.vectors)
 *(.progmem.gcc*)
 *(.progmem*)
                0x0000008c                . = ALIGN (0x2)
                0x0000008c                __trampolines_start = .
 *(.trampolines)
 .trampolines   0x0000008c        0x0 linker stubs
 *(.trampolines*)
                0x0000008c                __trampolines_end = .
 *(.jumptables)
 *(.jumptables*)
 *(.lowtext)
 *(.lowtext*)
                0x0000008c                __ctors_start = .
 *(.ctors)
                0x0000008c                __ctors_end = .
                0x0000008c                __dtors_start = .
 *(.dtors)
                0x0000008c                __dtors_end = .
 SORT(*)(.ctors)
 SORT(*)(.dtors)
 *(.init0)
 .init0         0x0000008c        0x0 c:/winavr-20081118rc2/bin/../lib/gcc/avr/4.3.2/../../../../avr/lib/avr51/crtm128.o
                0x0000008c                __init
 *(.init0)
 *(.init1)
 *(.init1)
 *(.init2)
 .init2         0x0000008c        0xc c:/winavr-20081118rc2/bin/../lib/gcc/avr/4.3.2/../../../../avr/lib/avr51/crtm128.o
 *(.init2)
 *(.init3)
 *(.init3)
 *(.init4)
 .init4         0x00000098       0x1c c:/winavr-20081118rc2/bin/../lib/gcc/avr/4.3.2/../../../../avr/lib/avr51/crtm128.o
                0x00000098                __do_copy_data
 .init4         0x000000b4       0x10 c:/winavr-20081118rc2/bin/../lib/gcc/avr/4.3.2/avr51\libgcc.a(_clear_bss.o)
                0x000000b4                __do_clear_bss
 *(.init4)
 *(.init5)
 *(.init5)
 *(.init6)
 *(.init6)
 *(.init7)
 *(.init7)
 *(.init8)
 *(.init8)
 *(.init9)
 .init9         0x000000c4        0x8 c:/winavr-20081118rc2/bin/../lib/gcc/avr/4.3.2/../../../../avr/lib/avr51/crtm128.o
 *(.init9)
 *(.text)
 .text          0x000000cc        0x4 c:/winavr-20081118rc2/bin/../lib/gcc/avr/4.3.2/../../../../avr/lib/avr51/crtm128.o
                0x000000cc                __vector_22
                0x000000cc                __vector_28
                0x000000cc                __vector_1
                0x000000cc                __vector_32
                0x000000cc                __vector_34
                0x000000cc                __vector_24
                0x000000cc                __vector_12
                0x000000cc                __bad_interrupt
                0x000000cc                __vector_6
                0x000000cc                __vector_31
                0x000000cc                __vector_3
                0x000000cc                __vector_23
                0x000000cc                __vector_30
                0x000000cc                __vector_25
                0x000000cc                __vector_11
                0x000000cc                __vector_13
                0x000000cc                __vector_17
                0x000000cc                __vector_19
                0x000000cc                __vector_7
                0x000000cc                __vector_27
                0x000000cc                __vector_5
                0x000000cc                __vector_33
                0x000000cc                __vector_4
                0x000000cc                __vector_9
                0x000000cc                __vector_2
                0x000000cc                __vector_21
                0x000000cc                __vector_15
                0x000000cc                __vector_29
                0x000000cc                __vector_8
                0x000000cc                __vector_26
                0x000000cc                __vector_14
                0x000000cc                __vector_10
                0x000000cc                __vector_16
                0x000000cc                __vector_20
 .text          0x000000d0      0x268 evb.o
                0x0000016a                led_state
                0x000001b0                evb_get_lcd_text
                0x000002e4                evb_init
                0x00000192                sw_state
                0x000001cc                AdcInit
                0x0000014e                led_on
                0x000001f6                evb_set_lcd_text
                0x00000184                sw_init
                0x000001f0                evb_soft_reset
                0x000001d4                AdcRead
                0x000000d0                mcu_init
                0x000000ea                led_toggle
                0x00000134                led_off
                0x0000028e                led_init
 .text          0x00000338      0x86e socket.o
                0x000006b6                recv
                0x00000350                connect
                0x00000756                recvfrom
                0x00000426                socket
                0x00000abe                send
                0x00000338                disconnect
                0x00000586                sendto
                0x000009ee                listen
                0x000004e4                igmpsend
                0x0000040e                close
 .text          0x00000ba6      0xa06 w5300.o
                0x00000d08                setRTR
                0x00000cba                getSIPR
                0x00000e8e                getSn_CR
                0x0000131c                setSn_TOSR
                0x00000f90                setSn_DHAR
                0x00000c36                setSHAR
                0x00000bac                IINCHIP_WRITE
                0x00000bd2                getIR
                0x00000cf2                getRTR
                0x00000e56                getSn_MR
                0x00000d18                setRCR
                0x00000d9c                getUIPR
                0x00000f42                getSn_DHAR
                0x00001038                getSn_MSSR
                0x000012b4                getSn_RX_FIFOR
                0x00001332                getSn_TTLR
                0x0000105c                setSn_MSSR
                0x00000df8                setPn_BRDYR
                0x00000d1e                getPATR
                0x00000c82                getSUBR
                0x00000fe4                getSn_DIPR
                0x00001374                setSn_FRAGR
                0x000011ce                getSn_RX_RSR
                0x00000c0e                getSHAR
                0x00000ec6                getSn_IMR
                0x000012d8                getSn_PROTOR
                0x000010d8                setSn_TX_WRSR
                0x00000e2a                setPn_BDPTHR
                0x00000db8                getUPORTR
                0x00001506                wiz_read_buf
                0x00000d12                getRCR
                0x00000cd6                setSIPR
                0x00001014                setSn_DIPR
                0x00000dce                getFMTUR
                0x0000135e                getSn_FRAGR
                0x00000e0c                getPn_BDPTHR
                0x00000c4a                getGAR
                0x0000138a                sysinit
                0x00000ba6                IINCHIP_READ
                0x00000d3a                setPTIMER
                0x00000ef2                getSn_IR
                0x0000108c                setSn_KPALVTR
                0x000010ac                getSn_TX_WRSR
                0x00000de4                getPn_BRDYR
                0x00001104                getSn_TX_FSR
                0x00000d34                getPTIMER
                0x00000d4c                getPSIDR
                0x00000bee                getIMR
                0x0000159c                iinchip_init
                0x00000e40                getIDR
                0x00000d46                setPMAGICR
                0x00000fcc                setSn_DPORTR
                0x00000c04                setIMR
                0x0000129c                setSn_TX_FIFOR
                0x00000bc8                setMR
                0x00000f08                setSn_IR
                0x00001074                getSn_KPALVTR
                0x00001306                getSn_TOSR
                0x000012ee                setSn_PROTOR
                0x00000c9e                setSUBR
                0x00000d40                getPMAGICR
                0x00000edc                setSn_IMR
                0x00001568                getIINCHIP_TxMAX
                0x00000be8                setIR
                0x00000e76                setSn_MR
                0x00000f1e                getSn_SSR
                0x00000d62                getPDHAR
                0x00000ea4                setSn_CR
                0x000014a4                wiz_write_buf
                0x00001582                getIINCHIP_RxMAX
                0x00001348                setSn_TTLR
                0x00000c66                setGAR
                0x00000bb2                getMR
 .text          0x000015ac      0x628 main.o
                0x00001712                ProcessTCPServer
                0x000015ac                ProcessUDP
                0x00001b9c                main
                0x00001afa                NetInit
                0x00001804                DisplayBar
                0x0000180e                DisplayConfig
 .text          0x00001bd4      0x13a delay.o
                0x00001cd6                wait_1ms
                0x00001cf2                wait_10ms
                0x00001bd4                wait_1us
 .text          0x00001d0e      0x4d8 serial.o
                0x00001f9a                uart_gets
                0x00001e46                uart_stopbit
                0x00001f74                uart_puts
                0x00002128                uart_init
                0x00002112                uart_flush_rx
                0x00001e1c                uart_databit
                0x00001f0e                uart0_getchar
                0x00001e9c                uart_keyhit
                0x00001e66                uart_paritybit
                0x00001eea                uart0_putchar
                0x00001e92                uart_flowctrl
                0x00001d0e                __vector_18
 .text          0x000021e6      0xa16 wiz_util.o
                0x00002938                inet_addr_
                0x00002400                swapl
                0x00002634                GetSubMask
                0x00002866                getSocket
                0x0000271e                CheckDestInLocal
                0x000021e6                D2C
                0x00002606                GetMacAddress
                0x000023f0                swaps
                0x000027f8                GetDestAddr
                0x000026d0                GetIPAddress
                0x00002202                C2D
                0x000024d8                ntohl
                0x000029c6                inet_ntoa_pad
                0x0000245a                htonl
                0x00002332                strtok
                0x000023dc                replacetochar
                0x000027b6                GetDestPort
                0x000024c4                ntohs
                0x00002a46                inet_ntoa
                0x00002890                VerifyIPAddress
                0x000024b4                htons
                0x00002ac6                GetNetConfig
                0x00002226                ATOI
                0x00002270                ValidATOI
                0x000025bc                GetDestMacAddr
                0x00002532                checksum
                0x000022d4                strspn
                0x00002682                GetGWAddress
                0x0000230a                strpbrk
 .text          0x00002bfc      0x31a lcd.o
                0x00002bfc                lcd_ready
                0x00002d46                lcd_data
                0x00002dc0                lcd_gotoxy
                0x00002d38                lcd_clrscr
                0x00002c66                lcd_delay
                0x00002eca                lcd_puts
                0x00002f04                lcd_putch
                0x00002dfe                lcd_init
                0x00002cbe                lcd_command
 .text          0x00002f16        0x0 c:/winavr-20081118rc2/bin/../lib/gcc/avr/4.3.2/avr51\libgcc.a(_exit.o)
 .text          0x00002f16        0x0 c:/winavr-20081118rc2/bin/../lib/gcc/avr/4.3.2/avr51\libgcc.a(_clear_bss.o)
 .text          0x00002f16       0x58 c:/winavr-20081118rc2/bin/../lib/gcc/avr/4.3.2/avr51\libgcc.a(_fixunssfsi.o)
                0x00002f16                __fixunssfsi
 .text          0x00002f6e      0x354 c:/winavr-20081118rc2/bin/../lib/gcc/avr/4.3.2/avr51\libgcc.a(_addsub_sf.o)
                0x00003206                __subsf3
                0x00003268                __addsf3
 .text          0x000032c2      0x1f4 c:/winavr-20081118rc2/bin/../lib/gcc/avr/4.3.2/avr51\libgcc.a(_mul_sf.o)
                0x000032c2                __mulsf3
 .text          0x000034b6      0x158 c:/winavr-20081118rc2/bin/../lib/gcc/avr/4.3.2/avr51\libgcc.a(_div_sf.o)
                0x000034b6                __divsf3
 .text          0x0000360e       0x60 c:/winavr-20081118rc2/bin/../lib/gcc/avr/4.3.2/avr51\libgcc.a(_gt_sf.o)
                0x0000360e                __gtsf2
 .text          0x0000366e       0x60 c:/winavr-20081118rc2/bin/../lib/gcc/avr/4.3.2/avr51\libgcc.a(_ge_sf.o)
                0x0000366e                __gesf2
 .text          0x000036ce       0x60 c:/winavr-20081118rc2/bin/../lib/gcc/avr/4.3.2/avr51\libgcc.a(_lt_sf.o)
                0x000036ce                __ltsf2
 .text          0x0000372e       0xa8 c:/winavr-20081118rc2/bin/../lib/gcc/avr/4.3.2/avr51\libgcc.a(_sf_to_si.o)
                0x0000372e                __fixsfsi
 .text          0x000037d6        0x0 c:/winavr-20081118rc2/bin/../lib/gcc/avr/4.3.2/avr51\libgcc.a(_thenan_sf.o)
 .text          0x000037d6       0xf2 c:/winavr-20081118rc2/bin/../lib/gcc/avr/4.3.2/avr51\libgcc.a(_usi_to_sf.o)
                0x000037d6                __floatunsisf
 .text          0x000038c8        0x0 c:/winavr-20081118rc2/bin/../lib/gcc/avr/4.3.2/avr51\libgcc.a(_prologue.o)
 .text          0x000038c8        0x0 c:/winavr-20081118rc2/bin/../lib/gcc/avr/4.3.2/avr51\libgcc.a(_epilogue.o)
 .text          0x000038c8       0x9e c:/winavr-20081118rc2/bin/../lib/gcc/avr/4.3.2/avr51\libgcc.a(_clzsi2.o)
                0x000038c8                __clzsi2
 .text          0x00003966      0x1aa c:/winavr-20081118rc2/bin/../lib/gcc/avr/4.3.2/avr51\libgcc.a(_pack_sf.o)
                0x00003966                __pack_f
 .text          0x00003b10       0xf0 c:/winavr-20081118rc2/bin/../lib/gcc/avr/4.3.2/avr51\libgcc.a(_unpack_sf.o)
                0x00003b10                __unpack_f
 .text          0x00003c00       0xb2 c:/winavr-20081118rc2/bin/../lib/gcc/avr/4.3.2/avr51\libgcc.a(_fpcmp_parts_sf.o)
                0x00003c00                __fpcmp_parts_f
 .text          0x00003cb2        0x0 c:/winavr-20081118rc2/bin/../lib/gcc/avr/4.3.2/avr51\libgcc.a(_clz.o)
 .text          0x00003cb2       0x12 c:/winavr-20081118rc2/bin/../lib/gcc/avr/4.3.2/../../../../avr/lib/avr51\libc.a(memcpy.o)
                0x00003cb2                memcpy
 .text          0x00003cc4        0xe c:/winavr-20081118rc2/bin/../lib/gcc/avr/4.3.2/../../../../avr/lib/avr51\libc.a(memset.o)
                0x00003cc4                memset
 .text          0x00003cd2        0xe c:/winavr-20081118rc2/bin/../lib/gcc/avr/4.3.2/../../../../avr/lib/avr51\libc.a(strcpy.o)
                0x00003cd2                strcpy
 .text          0x00003ce0       0x98 c:/winavr-20081118rc2/bin/../lib/gcc/avr/4.3.2/../../../../avr/lib/avr51\libc.a(fdevopen.o)
                0x00003ce0                fdevopen
 .text          0x00003d78        0x0 c:/winavr-20081118rc2/bin/../lib/gcc/avr/4.3.2/../../../../avr/lib/avr51\libc.a(iob.o)
 .text          0x00003d78       0x2a c:/winavr-20081118rc2/bin/../lib/gcc/avr/4.3.2/../../../../avr/lib/avr51\libc.a(printf.o)
                0x00003d78                printf
 .text          0x00003da2       0x6a c:/winavr-20081118rc2/bin/../lib/gcc/avr/4.3.2/../../../../avr/lib/avr51\libc.a(puts.o)
                0x00003da2                puts
 .text          0x00003e0c       0x48 c:/winavr-20081118rc2/bin/../lib/gcc/avr/4.3.2/../../../../avr/lib/avr51\libc.a(sprintf.o)
                0x00003e0c                sprintf
 .text          0x00003e54      0x3ba c:/winavr-20081118rc2/bin/../lib/gcc/avr/4.3.2/../../../../avr/lib/avr51\libc.a(vfprintf_std.o)
                0x00003e54                vfprintf
 .text          0x0000420e       0x38 c:/winavr-20081118rc2/bin/../lib/gcc/avr/4.3.2/../../../../avr/lib/avr51\libc.a(calloc.o)
                0x0000420e                calloc
 .text          0x00004246      0x204 c:/winavr-20081118rc2/bin/../lib/gcc/avr/4.3.2/../../../../avr/lib/avr51\libc.a(malloc.o)
                0x00004246                malloc
                0x0000439a                free
 .text          0x0000444a       0x16 c:/winavr-20081118rc2/bin/../lib/gcc/avr/4.3.2/../../../../avr/lib/avr51\libc.a(strnlen_P.o)
                0x0000444a                strnlen_P
 .text          0x00004460       0x16 c:/winavr-20081118rc2/bin/../lib/gcc/avr/4.3.2/../../../../avr/lib/avr51\libc.a(strnlen.o)
                0x00004460                strnlen
 .text          0x00004476       0x58 c:/winavr-20081118rc2/bin/../lib/gcc/avr/4.3.2/../../../../avr/lib/avr51\libc.a(fputc.o)
                0x00004476                fputc
 .text          0x000044ce       0xbc c:/winavr-20081118rc2/bin/../lib/gcc/avr/4.3.2/../../../../avr/lib/avr51\libc.a(ultoa_invert.o)
                0x000044ce                __ultoa_invert
                0x0000458a                . = ALIGN (0x2)
 *(.text.*)
 .text.libgcc   0x0000458a        0x0 c:/winavr-20081118rc2/bin/../lib/gcc/avr/4.3.2/avr51\libgcc.a(_exit.o)
 .text.libgcc   0x0000458a        0x0 c:/winavr-20081118rc2/bin/../lib/gcc/avr/4.3.2/avr51\libgcc.a(_clear_bss.o)
 .text.libgcc   0x0000458a       0x38 c:/winavr-20081118rc2/bin/../lib/gcc/avr/4.3.2/avr51\libgcc.a(_prologue.o)
                0x0000458a                __prologue_saves__
 .text.libgcc   0x000045c2       0x36 c:/winavr-20081118rc2/bin/../lib/gcc/avr/4.3.2/avr51\libgcc.a(_epilogue.o)
                0x000045c2                __epilogue_restores__
                0x000045f8                . = ALIGN (0x2)
 *(.fini9)
 .fini9         0x000045f8        0x0 c:/winavr-20081118rc2/bin/../lib/gcc/avr/4.3.2/avr51\libgcc.a(_exit.o)
                0x000045f8                exit
                0x000045f8                _exit
 *(.fini9)
 *(.fini8)
 *(.fini8)
 *(.fini7)
 *(.fini7)
 *(.fini6)
 *(.fini6)
 *(.fini5)
 *(.fini5)
 *(.fini4)
 *(.fini4)
 *(.fini3)
 *(.fini3)
 *(.fini2)
 *(.fini2)
 *(.fini1)
 *(.fini1)
 *(.fini0)
 .fini0         0x000045f8        0x4 c:/winavr-20081118rc2/bin/../lib/gcc/avr/4.3.2/avr51\libgcc.a(_exit.o)
 *(.fini0)
                0x000045fc                _etext = .

.data           0x00800100      0x458 load address 0x000045fc
                0x00800100                PROVIDE (__data_start, .)
 *(.data)
 .data          0x00800100        0x0 c:/winavr-20081118rc2/bin/../lib/gcc/avr/4.3.2/../../../../avr/lib/avr51/crtm128.o
 .data          0x00800100       0x22 evb.o
 .data          0x00800122       0xad socket.o
 .data          0x008001cf        0x0 w5300.o
 .data          0x008001cf      0x149 main.o
 .data          0x00800318        0x0 delay.o
 .data          0x00800318        0x3 serial.o
 .data          0x0080031b      0x12e wiz_util.o
 .data          0x00800449        0x0 lcd.o
 .data          0x00800449        0x0 c:/winavr-20081118rc2/bin/../lib/gcc/avr/4.3.2/avr51\libgcc.a(_exit.o)
 .data          0x00800449        0x0 c:/winavr-20081118rc2/bin/../lib/gcc/avr/4.3.2/avr51\libgcc.a(_clear_bss.o)
 .data          0x00800449        0x0 c:/winavr-20081118rc2/bin/../lib/gcc/avr/4.3.2/avr51\libgcc.a(_fixunssfsi.o)
 .data          0x00800449        0x0 c:/winavr-20081118rc2/bin/../lib/gcc/avr/4.3.2/avr51\libgcc.a(_addsub_sf.o)
 .data          0x00800449        0x0 c:/winavr-20081118rc2/bin/../lib/gcc/avr/4.3.2/avr51\libgcc.a(_mul_sf.o)
 .data          0x00800449        0x0 c:/winavr-20081118rc2/bin/../lib/gcc/avr/4.3.2/avr51\libgcc.a(_div_sf.o)
 .data          0x00800449        0x0 c:/winavr-20081118rc2/bin/../lib/gcc/avr/4.3.2/avr51\libgcc.a(_gt_sf.o)
 .data          0x00800449        0x0 c:/winavr-20081118rc2/bin/../lib/gcc/avr/4.3.2/avr51\libgcc.a(_ge_sf.o)
 .data          0x00800449        0x0 c:/winavr-20081118rc2/bin/../lib/gcc/avr/4.3.2/avr51\libgcc.a(_lt_sf.o)
 .data          0x00800449        0x0 c:/winavr-20081118rc2/bin/../lib/gcc/avr/4.3.2/avr51\libgcc.a(_sf_to_si.o)
 .data          0x00800449        0x8 c:/winavr-20081118rc2/bin/../lib/gcc/avr/4.3.2/avr51\libgcc.a(_thenan_sf.o)
                0x00800449                __thenan_sf
 .data          0x00800451        0x0 c:/winavr-20081118rc2/bin/../lib/gcc/avr/4.3.2/avr51\libgcc.a(_usi_to_sf.o)
 .data          0x00800451        0x0 c:/winavr-20081118rc2/bin/../lib/gcc/avr/4.3.2/avr51\libgcc.a(_prologue.o)
 .data          0x00800451        0x0 c:/winavr-20081118rc2/bin/../lib/gcc/avr/4.3.2/avr51\libgcc.a(_epilogue.o)
 .data          0x00800451        0x0 c:/winavr-20081118rc2/bin/../lib/gcc/avr/4.3.2/avr51\libgcc.a(_clzsi2.o)
 .data          0x00800451        0x0 c:/winavr-20081118rc2/bin/../lib/gcc/avr/4.3.2/avr51\libgcc.a(_pack_sf.o)
 .data          0x00800451        0x0 c:/winavr-20081118rc2/bin/../lib/gcc/avr/4.3.2/avr51\libgcc.a(_unpack_sf.o)
 .data          0x00800451        0x0 c:/winavr-20081118rc2/bin/../lib/gcc/avr/4.3.2/avr51\libgcc.a(_fpcmp_parts_sf.o)
 .data          0x00800451      0x100 c:/winavr-20081118rc2/bin/../lib/gcc/avr/4.3.2/avr51\libgcc.a(_clz.o)
                0x00800451                __clz_tab
 .data          0x00800551        0x0 c:/winavr-20081118rc2/bin/../lib/gcc/avr/4.3.2/../../../../avr/lib/avr51\libc.a(memcpy.o)
 .data          0x00800551        0x0 c:/winavr-20081118rc2/bin/../lib/gcc/avr/4.3.2/../../../../avr/lib/avr51\libc.a(memset.o)
 .data          0x00800551        0x0 c:/winavr-20081118rc2/bin/../lib/gcc/avr/4.3.2/../../../../avr/lib/avr51\libc.a(strcpy.o)
 .data          0x00800551        0x0 c:/winavr-20081118rc2/bin/../lib/gcc/avr/4.3.2/../../../../avr/lib/avr51\libc.a(fdevopen.o)
 .data          0x00800551        0x0 c:/winavr-20081118rc2/bin/../lib/gcc/avr/4.3.2/../../../../avr/lib/avr51\libc.a(iob.o)
 .data          0x00800551        0x0 c:/winavr-20081118rc2/bin/../lib/gcc/avr/4.3.2/../../../../avr/lib/avr51\libc.a(printf.o)
 .data          0x00800551        0x0 c:/winavr-20081118rc2/bin/../lib/gcc/avr/4.3.2/../../../../avr/lib/avr51\libc.a(puts.o)
 .data          0x00800551        0x0 c:/winavr-20081118rc2/bin/../lib/gcc/avr/4.3.2/../../../../avr/lib/avr51\libc.a(sprintf.o)
 .data          0x00800551        0x0 c:/winavr-20081118rc2/bin/../lib/gcc/avr/4.3.2/../../../../avr/lib/avr51\libc.a(vfprintf_std.o)
 .data          0x00800551        0x0 c:/winavr-20081118rc2/bin/../lib/gcc/avr/4.3.2/../../../../avr/lib/avr51\libc.a(calloc.o)
 .data          0x00800551        0x6 c:/winavr-20081118rc2/bin/../lib/gcc/avr/4.3.2/../../../../avr/lib/avr51\libc.a(malloc.o)
                0x00800553                __malloc_heap_start
                0x00800555                __malloc_heap_end
                0x00800551                __malloc_margin
 .data          0x00800557        0x0 c:/winavr-20081118rc2/bin/../lib/gcc/avr/4.3.2/../../../../avr/lib/avr51\libc.a(strnlen_P.o)
 .data          0x00800557        0x0 c:/winavr-20081118rc2/bin/../lib/gcc/avr/4.3.2/../../../../avr/lib/avr51\libc.a(strnlen.o)
 .data          0x00800557        0x0 c:/winavr-20081118rc2/bin/../lib/gcc/avr/4.3.2/../../../../avr/lib/avr51\libc.a(fputc.o)
 .data          0x00800557        0x0 c:/winavr-20081118rc2/bin/../lib/gcc/avr/4.3.2/../../../../avr/lib/avr51\libc.a(ultoa_invert.o)
 *(.data*)
 *(.rodata)
 *(.rodata*)
 *(.gnu.linkonce.d*)
                0x00800558                . = ALIGN (0x2)
 *fill*         0x00800557        0x1 00
                0x00800558                _edata = .
                0x00800558                PROVIDE (__data_end, .)

.bss            0x00800558       0xe2
                0x00800558                PROVIDE (__bss_start, .)
 *(.bss)
 .bss           0x00800558        0x0 c:/winavr-20081118rc2/bin/../lib/gcc/avr/4.3.2/../../../../avr/lib/avr51/crtm128.o
 .bss           0x00800558       0x22 evb.o
 .bss           0x0080057a       0x10 socket.o
                0x0080057a                cmd_cnt
 .bss           0x0080058a        0x0 w5300.o
 .bss           0x0080058a        0x0 main.o
 .bss           0x0080058a        0x0 delay.o
 .bss           0x0080058a       0x2a serial.o
 .bss           0x008005b4       0x22 wiz_util.o
 .bss           0x008005d6        0x0 lcd.o
 .bss           0x008005d6        0x0 c:/winavr-20081118rc2/bin/../lib/gcc/avr/4.3.2/avr51\libgcc.a(_exit.o)
 .bss           0x008005d6        0x0 c:/winavr-20081118rc2/bin/../lib/gcc/avr/4.3.2/avr51\libgcc.a(_clear_bss.o)
 .bss           0x008005d6        0x0 c:/winavr-20081118rc2/bin/../lib/gcc/avr/4.3.2/avr51\libgcc.a(_fixunssfsi.o)
 .bss           0x008005d6        0x0 c:/winavr-20081118rc2/bin/../lib/gcc/avr/4.3.2/avr51\libgcc.a(_addsub_sf.o)
 .bss           0x008005d6        0x0 c:/winavr-20081118rc2/bin/../lib/gcc/avr/4.3.2/avr51\libgcc.a(_mul_sf.o)
 .bss           0x008005d6        0x0 c:/winavr-20081118rc2/bin/../lib/gcc/avr/4.3.2/avr51\libgcc.a(_div_sf.o)
 .bss           0x008005d6        0x0 c:/winavr-20081118rc2/bin/../lib/gcc/avr/4.3.2/avr51\libgcc.a(_gt_sf.o)
 .bss           0x008005d6        0x0 c:/winavr-20081118rc2/bin/../lib/gcc/avr/4.3.2/avr51\libgcc.a(_ge_sf.o)
 .bss           0x008005d6        0x0 c:/winavr-20081118rc2/bin/../lib/gcc/avr/4.3.2/avr51\libgcc.a(_lt_sf.o)
 .bss           0x008005d6        0x0 c:/winavr-20081118rc2/bin/../lib/gcc/avr/4.3.2/avr51\libgcc.a(_sf_to_si.o)
 .bss           0x008005d6        0x0 c:/winavr-20081118rc2/bin/../lib/gcc/avr/4.3.2/avr51\libgcc.a(_thenan_sf.o)
 .bss           0x008005d6        0x0 c:/winavr-20081118rc2/bin/../lib/gcc/avr/4.3.2/avr51\libgcc.a(_usi_to_sf.o)
 .bss           0x008005d6        0x0 c:/winavr-20081118rc2/bin/../lib/gcc/avr/4.3.2/avr51\libgcc.a(_prologue.o)
 .bss           0x008005d6        0x0 c:/winavr-20081118rc2/bin/../lib/gcc/avr/4.3.2/avr51\libgcc.a(_epilogue.o)
 .bss           0x008005d6        0x0 c:/winavr-20081118rc2/bin/../lib/gcc/avr/4.3.2/avr51\libgcc.a(_clzsi2.o)
 .bss           0x008005d6        0x0 c:/winavr-20081118rc2/bin/../lib/gcc/avr/4.3.2/avr51\libgcc.a(_pack_sf.o)
 .bss           0x008005d6        0x0 c:/winavr-20081118rc2/bin/../lib/gcc/avr/4.3.2/avr51\libgcc.a(_unpack_sf.o)
 .bss           0x008005d6        0x0 c:/winavr-20081118rc2/bin/../lib/gcc/avr/4.3.2/avr51\libgcc.a(_fpcmp_parts_sf.o)
 .bss           0x008005d6        0x0 c:/winavr-20081118rc2/bin/../lib/gcc/avr/4.3.2/avr51\libgcc.a(_clz.o)
 .bss           0x008005d6        0x0 c:/winavr-20081118rc2/bin/../lib/gcc/avr/4.3.2/../../../../avr/lib/avr51\libc.a(memcpy.o)
 .bss           0x008005d6        0x0 c:/winavr-20081118rc2/bin/../lib/gcc/avr/4.3.2/../../../../avr/lib/avr51\libc.a(memset.o)
 .bss           0x008005d6        0x0 c:/winavr-20081118rc2/bin/../lib/gcc/avr/4.3.2/../../../../avr/lib/avr51\libc.a(strcpy.o)
 .bss           0x008005d6        0x0 c:/winavr-20081118rc2/bin/../lib/gcc/avr/4.3.2/../../../../avr/lib/avr51\libc.a(fdevopen.o)
 .bss           0x008005d6        0x0 c:/winavr-20081118rc2/bin/../lib/gcc/avr/4.3.2/../../../../avr/lib/avr51\libc.a(iob.o)
 .bss           0x008005d6        0x0 c:/winavr-20081118rc2/bin/../lib/gcc/avr/4.3.2/../../../../avr/lib/avr51\libc.a(printf.o)
 .bss           0x008005d6        0x0 c:/winavr-20081118rc2/bin/../lib/gcc/avr/4.3.2/../../../../avr/lib/avr51\libc.a(puts.o)
 .bss           0x008005d6        0x0 c:/winavr-20081118rc2/bin/../lib/gcc/avr/4.3.2/../../../../avr/lib/avr51\libc.a(sprintf.o)
 .bss           0x008005d6        0x0 c:/winavr-20081118rc2/bin/../lib/gcc/avr/4.3.2/../../../../avr/lib/avr51\libc.a(vfprintf_std.o)
 .bss           0x008005d6        0x0 c:/winavr-20081118rc2/bin/../lib/gcc/avr/4.3.2/../../../../avr/lib/avr51\libc.a(calloc.o)
 .bss           0x008005d6        0x0 c:/winavr-20081118rc2/bin/../lib/gcc/avr/4.3.2/../../../../avr/lib/avr51\libc.a(malloc.o)
 .bss           0x008005d6        0x0 c:/winavr-20081118rc2/bin/../lib/gcc/avr/4.3.2/../../../../avr/lib/avr51\libc.a(strnlen_P.o)
 .bss           0x008005d6        0x0 c:/winavr-20081118rc2/bin/../lib/gcc/avr/4.3.2/../../../../avr/lib/avr51\libc.a(strnlen.o)
 .bss           0x008005d6        0x0 c:/winavr-20081118rc2/bin/../lib/gcc/avr/4.3.2/../../../../avr/lib/avr51\libc.a(fputc.o)
 .bss           0x008005d6        0x0 c:/winavr-20081118rc2/bin/../lib/gcc/avr/4.3.2/../../../../avr/lib/avr51\libc.a(ultoa_invert.o)
 *(.bss*)
 *(COMMON)
 COMMON         0x008005d6       0x12 socket.o
                0x008005d6                check_sendok_flag
                0x008005de                first_send_flag
                0x008005e6                local_port
 COMMON         0x008005e8       0x48 w5300.o
                0x008005e8                SOCK_INT
                0x008005f0                RXMEM_SIZE
                0x00800610                TXMEM_SIZE
 COMMON         0x00800630        0x6 c:/winavr-20081118rc2/bin/../lib/gcc/avr/4.3.2/../../../../avr/lib/avr51\libc.a(iob.o)
                0x00800630                __iob
 COMMON         0x00800636        0x4 c:/winavr-20081118rc2/bin/../lib/gcc/avr/4.3.2/../../../../avr/lib/avr51\libc.a(malloc.o)
                0x00800636                __brkval
                0x00800638                __flp
                0x0080063a                PROVIDE (__bss_end, .)
                0x000045fc                __data_load_start = LOADADDR (.data)
                0x00004a54                __data_load_end = (__data_load_start + SIZEOF (.data))

.noinit         0x0080063a        0x0
                0x0080063a                PROVIDE (__noinit_start, .)
 *(.noinit*)
                0x0080063a                PROVIDE (__noinit_end, .)
                0x0080063a                _end = .
                0x0080063a                PROVIDE (__heap_start, .)

.eeprom         0x00810000        0x0
 *(.eeprom*)
                0x00810000                __eeprom_end = .

.fuse
 *(.fuse)
 *(.lfuse)
 *(.hfuse)
 *(.efuse)

.lock
 *(.lock*)

.signature
 *(.signature*)

.stab
 *(.stab)

.stabstr
 *(.stabstr)

.stab.excl
 *(.stab.excl)

.stab.exclstr
 *(.stab.exclstr)

.stab.index
 *(.stab.index)

.stab.indexstr
 *(.stab.indexstr)

.comment
 *(.comment)

.debug
 *(.debug)

.line
 *(.line)

.debug_srcinfo
 *(.debug_srcinfo)

.debug_sfnames
 *(.debug_sfnames)

.debug_aranges  0x00000000      0x100
 *(.debug_aranges)
 .debug_aranges
                0x00000000       0x20 evb.o
 .debug_aranges
                0x00000020       0x20 socket.o
 .debug_aranges
                0x00000040       0x20 w5300.o
 .debug_aranges
                0x00000060       0x20 main.o
 .debug_aranges
                0x00000080       0x20 delay.o
 .debug_aranges
                0x000000a0       0x20 serial.o
 .debug_aranges
                0x000000c0       0x20 wiz_util.o
 .debug_aranges
                0x000000e0       0x20 lcd.o

.debug_pubnames
                0x00000000      0x9ae
 *(.debug_pubnames)
 .debug_pubnames
                0x00000000       0xdb evb.o
 .debug_pubnames
                0x000000db       0xc9 socket.o
 .debug_pubnames
                0x000001a4      0x457 w5300.o
 .debug_pubnames
                0x000005fb       0x6c main.o
 .debug_pubnames
                0x00000667       0x3a delay.o
 .debug_pubnames
                0x000006a1       0xd9 serial.o
 .debug_pubnames
                0x0000077a      0x1a3 wiz_util.o
 .debug_pubnames
                0x0000091d       0x91 lcd.o

.debug_info     0x00000000     0x3e22
 *(.debug_info)
 .debug_info    0x00000000      0x421 evb.o
 .debug_info    0x00000421      0x4cb socket.o
 .debug_info    0x000008ec     0x1c9c w5300.o
 .debug_info    0x00002588      0x2a1 main.o
 .debug_info    0x00002829      0x269 delay.o
 .debug_info    0x00002a92      0x549 serial.o
 .debug_info    0x00002fdb      0xb39 wiz_util.o
 .debug_info    0x00003b14      0x30e lcd.o
 *(.gnu.linkonce.wi.*)

.debug_abbrev   0x00000000      0xdbe
 *(.debug_abbrev)
 .debug_abbrev  0x00000000      0x197 evb.o
 .debug_abbrev  0x00000197      0x16e socket.o
 .debug_abbrev  0x00000305      0x29e w5300.o
 .debug_abbrev  0x000005a3      0x10e main.o
 .debug_abbrev  0x000006b1      0x109 delay.o
 .debug_abbrev  0x000007ba      0x1f4 serial.o
 .debug_abbrev  0x000009ae      0x29b wiz_util.o
 .debug_abbrev  0x00000c49      0x175 lcd.o

.debug_line     0x00000000     0x296d
 *(.debug_line)
 .debug_line    0x00000000      0x333 evb.o
 .debug_line    0x00000333      0x496 socket.o
 .debug_line    0x000007c9      0xf1c w5300.o
 .debug_line    0x000016e5      0x24b main.o
 .debug_line    0x00001930      0x1d3 delay.o
 .debug_line    0x00001b03      0x40c serial.o
 .debug_line    0x00001f0f      0x70f wiz_util.o
 .debug_line    0x0000261e      0x34f lcd.o

.debug_frame    0x00000000      0xa40
 *(.debug_frame)
 .debug_frame   0x00000000       0xf0 evb.o
 .debug_frame   0x000000f0       0xb0 socket.o
 .debug_frame   0x000001a0      0x4a0 w5300.o
 .debug_frame   0x00000640       0x70 main.o
 .debug_frame   0x000006b0       0x40 delay.o
 .debug_frame   0x000006f0       0xd0 serial.o
 .debug_frame   0x000007c0      0x1e0 wiz_util.o
 .debug_frame   0x000009a0       0xa0 lcd.o

.debug_str      0x00000000      0xae4
 *(.debug_str)
 .debug_str     0x00000000      0x166 evb.o
                                0x1a4 (size before relaxing)
 .debug_str     0x00000166       0xc6 socket.o
                                0x1c2 (size before relaxing)
 .debug_str     0x0000022c      0x3d3 w5300.o
                                0x4e0 (size before relaxing)
 .debug_str     0x000005ff       0x7a main.o
                                0x176 (size before relaxing)
 .debug_str     0x00000679       0x99 delay.o
                                0x174 (size before relaxing)
 .debug_str     0x00000712      0x180 serial.o
                                0x286 (size before relaxing)
 .debug_str     0x00000892      0x1de wiz_util.o
                                0x30e (size before relaxing)
 .debug_str     0x00000a70       0x74 lcd.o
                                0x154 (size before relaxing)

.debug_loc      0x00000000     0x24b3
 *(.debug_loc)
 .debug_loc     0x00000000      0x17c evb.o
 .debug_loc     0x0000017c      0x847 socket.o
 .debug_loc     0x000009c3      0x7e3 w5300.o
 .debug_loc     0x000011a6      0x1a6 main.o
 .debug_loc     0x0000134c      0x154 delay.o
 .debug_loc     0x000014a0      0x3c9 serial.o
 .debug_loc     0x00001869      0xb21 wiz_util.o
 .debug_loc     0x0000238a      0x129 lcd.o

.debug_macinfo
 *(.debug_macinfo)
OUTPUT(simple_tcp.elf elf32-avr)
LOAD linker stubs

.debug_ranges   0x00000000      0x108
 .debug_ranges  0x00000000       0x18 evb.o
 .debug_ranges  0x00000018       0xc0 w5300.o
 .debug_ranges  0x000000d8       0x30 wiz_util.o
