Archive member included because of file (symbol)

c:/winavr-20100110/bin/../lib/gcc/avr/4.3.3/avr51\libgcc.a(_udivmodhi4.o)
                              romfile.o (__udivmodhi4)
c:/winavr-20100110/bin/../lib/gcc/avr/4.3.3/avr51\libgcc.a(_udivmodsi4.o)
                              romfile.o (__udivmodsi4)
c:/winavr-20100110/bin/../lib/gcc/avr/4.3.3/avr51\libgcc.a(_exit.o)
                              c:/winavr-20100110/bin/../lib/gcc/avr/4.3.3/../../../../avr/lib/avr51/crtm128.o (exit)
c:/winavr-20100110/bin/../lib/gcc/avr/4.3.3/avr51\libgcc.a(_clear_bss.o)
                              evb.o (__do_clear_bss)
c:/winavr-20100110/bin/../lib/gcc/avr/4.3.3/avr51\libgcc.a(_fixunssfsi.o)
                              main.o (__fixunssfsi)
c:/winavr-20100110/bin/../lib/gcc/avr/4.3.3/avr51\libgcc.a(_addsub_sf.o)
                              c:/winavr-20100110/bin/../lib/gcc/avr/4.3.3/avr51\libgcc.a(_fixunssfsi.o) (__subsf3)
c:/winavr-20100110/bin/../lib/gcc/avr/4.3.3/avr51\libgcc.a(_mul_sf.o)
                              main.o (__mulsf3)
c:/winavr-20100110/bin/../lib/gcc/avr/4.3.3/avr51\libgcc.a(_div_sf.o)
                              delay.o (__divsf3)
c:/winavr-20100110/bin/../lib/gcc/avr/4.3.3/avr51\libgcc.a(_gt_sf.o)
                              delay.o (__gtsf2)
c:/winavr-20100110/bin/../lib/gcc/avr/4.3.3/avr51\libgcc.a(_ge_sf.o)
                              c:/winavr-20100110/bin/../lib/gcc/avr/4.3.3/avr51\libgcc.a(_fixunssfsi.o) (__gesf2)
c:/winavr-20100110/bin/../lib/gcc/avr/4.3.3/avr51\libgcc.a(_lt_sf.o)
                              delay.o (__ltsf2)
c:/winavr-20100110/bin/../lib/gcc/avr/4.3.3/avr51\libgcc.a(_sf_to_si.o)
                              c:/winavr-20100110/bin/../lib/gcc/avr/4.3.3/avr51\libgcc.a(_fixunssfsi.o) (__fixsfsi)
c:/winavr-20100110/bin/../lib/gcc/avr/4.3.3/avr51\libgcc.a(_thenan_sf.o)
                              c:/winavr-20100110/bin/../lib/gcc/avr/4.3.3/avr51\libgcc.a(_addsub_sf.o) (__thenan_sf)
c:/winavr-20100110/bin/../lib/gcc/avr/4.3.3/avr51\libgcc.a(_usi_to_sf.o)
                              main.o (__floatunsisf)
c:/winavr-20100110/bin/../lib/gcc/avr/4.3.3/avr51\libgcc.a(_prologue.o)
                              c:/winavr-20100110/bin/../lib/gcc/avr/4.3.3/avr51\libgcc.a(_addsub_sf.o) (__prologue_saves__)
c:/winavr-20100110/bin/../lib/gcc/avr/4.3.3/avr51\libgcc.a(_epilogue.o)
                              c:/winavr-20100110/bin/../lib/gcc/avr/4.3.3/avr51\libgcc.a(_addsub_sf.o) (__epilogue_restores__)
c:/winavr-20100110/bin/../lib/gcc/avr/4.3.3/avr51\libgcc.a(_clzsi2.o)
                              c:/winavr-20100110/bin/../lib/gcc/avr/4.3.3/avr51\libgcc.a(_usi_to_sf.o) (__clzsi2)
c:/winavr-20100110/bin/../lib/gcc/avr/4.3.3/avr51\libgcc.a(_pack_sf.o)
                              c:/winavr-20100110/bin/../lib/gcc/avr/4.3.3/avr51\libgcc.a(_addsub_sf.o) (__pack_f)
c:/winavr-20100110/bin/../lib/gcc/avr/4.3.3/avr51\libgcc.a(_unpack_sf.o)
                              c:/winavr-20100110/bin/../lib/gcc/avr/4.3.3/avr51\libgcc.a(_addsub_sf.o) (__unpack_f)
c:/winavr-20100110/bin/../lib/gcc/avr/4.3.3/avr51\libgcc.a(_fpcmp_parts_sf.o)
                              c:/winavr-20100110/bin/../lib/gcc/avr/4.3.3/avr51\libgcc.a(_gt_sf.o) (__fpcmp_parts_f)
c:/winavr-20100110/bin/../lib/gcc/avr/4.3.3/avr51\libgcc.a(_clz.o)
                              c:/winavr-20100110/bin/../lib/gcc/avr/4.3.3/avr51\libgcc.a(_clzsi2.o) (__clz_tab)
c:/winavr-20100110/bin/../lib/gcc/avr/4.3.3/../../../../avr/lib/avr51\libc.a(memcpy_P.o)
                              main.o (memcpy_P)
c:/winavr-20100110/bin/../lib/gcc/avr/4.3.3/../../../../avr/lib/avr51\libc.a(memcmp.o)
                              task_config.o (memcmp)
c:/winavr-20100110/bin/../lib/gcc/avr/4.3.3/../../../../avr/lib/avr51\libc.a(memcpy.o)
                              evb.o (memcpy)
c:/winavr-20100110/bin/../lib/gcc/avr/4.3.3/../../../../avr/lib/avr51\libc.a(memset.o)
                              evb.o (memset)
c:/winavr-20100110/bin/../lib/gcc/avr/4.3.3/../../../../avr/lib/avr51\libc.a(strcat.o)
                              httpd.o (strcat)
c:/winavr-20100110/bin/../lib/gcc/avr/4.3.3/../../../../avr/lib/avr51\libc.a(strchr.o)
                              main.o (strchr)
c:/winavr-20100110/bin/../lib/gcc/avr/4.3.3/../../../../avr/lib/avr51\libc.a(strcmp.o)
                              romfile.o (strcmp)
c:/winavr-20100110/bin/../lib/gcc/avr/4.3.3/../../../../avr/lib/avr51\libc.a(strcpy.o)
                              httpd.o (strcpy)
c:/winavr-20100110/bin/../lib/gcc/avr/4.3.3/../../../../avr/lib/avr51\libc.a(strstr.o)
                              httpd.o (strstr)
c:/winavr-20100110/bin/../lib/gcc/avr/4.3.3/../../../../avr/lib/avr51\libc.a(fdevopen.o)
                              serial.o (fdevopen)
c:/winavr-20100110/bin/../lib/gcc/avr/4.3.3/../../../../avr/lib/avr51\libc.a(iob.o)
                              c:/winavr-20100110/bin/../lib/gcc/avr/4.3.3/../../../../avr/lib/avr51\libc.a(fdevopen.o) (__iob)
c:/winavr-20100110/bin/../lib/gcc/avr/4.3.3/../../../../avr/lib/avr51\libc.a(printf.o)
                              socket.o (printf)
c:/winavr-20100110/bin/../lib/gcc/avr/4.3.3/../../../../avr/lib/avr51\libc.a(puts.o)
                              socket.o (puts)
c:/winavr-20100110/bin/../lib/gcc/avr/4.3.3/../../../../avr/lib/avr51\libc.a(sprintf.o)
                              httpd.o (sprintf)
c:/winavr-20100110/bin/../lib/gcc/avr/4.3.3/../../../../avr/lib/avr51\libc.a(vfprintf_std.o)
                              c:/winavr-20100110/bin/../lib/gcc/avr/4.3.3/../../../../avr/lib/avr51\libc.a(printf.o) (vfprintf)
c:/winavr-20100110/bin/../lib/gcc/avr/4.3.3/../../../../avr/lib/avr51\libc.a(eerd_block_atmega128.o)
                              task_config.o (__eerd_block_m128)
c:/winavr-20100110/bin/../lib/gcc/avr/4.3.3/../../../../avr/lib/avr51\libc.a(eerd_byte_atmega128.o)
                              task_config.o (__eerd_byte_m128)
c:/winavr-20100110/bin/../lib/gcc/avr/4.3.3/../../../../avr/lib/avr51\libc.a(eewr_block_atmega128.o)
                              main.o (__eewr_block_m128)
c:/winavr-20100110/bin/../lib/gcc/avr/4.3.3/../../../../avr/lib/avr51\libc.a(eewr_byte_atmega128.o)
                              main.o (__eewr_byte_m128)
c:/winavr-20100110/bin/../lib/gcc/avr/4.3.3/../../../../avr/lib/avr51\libc.a(calloc.o)
                              c:/winavr-20100110/bin/../lib/gcc/avr/4.3.3/../../../../avr/lib/avr51\libc.a(fdevopen.o) (calloc)
c:/winavr-20100110/bin/../lib/gcc/avr/4.3.3/../../../../avr/lib/avr51\libc.a(malloc.o)
                              c:/winavr-20100110/bin/../lib/gcc/avr/4.3.3/../../../../avr/lib/avr51\libc.a(calloc.o) (malloc)
c:/winavr-20100110/bin/../lib/gcc/avr/4.3.3/../../../../avr/lib/avr51\libc.a(strnlen_P.o)
                              c:/winavr-20100110/bin/../lib/gcc/avr/4.3.3/../../../../avr/lib/avr51\libc.a(vfprintf_std.o) (strnlen_P)
c:/winavr-20100110/bin/../lib/gcc/avr/4.3.3/../../../../avr/lib/avr51\libc.a(strnlen.o)
                              c:/winavr-20100110/bin/../lib/gcc/avr/4.3.3/../../../../avr/lib/avr51\libc.a(vfprintf_std.o) (strnlen)
c:/winavr-20100110/bin/../lib/gcc/avr/4.3.3/../../../../avr/lib/avr51\libc.a(fputc.o)
                              c:/winavr-20100110/bin/../lib/gcc/avr/4.3.3/../../../../avr/lib/avr51\libc.a(vfprintf_std.o) (fputc)
c:/winavr-20100110/bin/../lib/gcc/avr/4.3.3/../../../../avr/lib/avr51\libc.a(ultoa_invert.o)
                              c:/winavr-20100110/bin/../lib/gcc/avr/4.3.3/../../../../avr/lib/avr51\libc.a(vfprintf_std.o) (__ultoa_invert)

Allocating common symbols
Common symbol       size              file

PageBits            0x1               dataflash.o
check_sendok_flag   0x8               socket.o
GET_GW_IP           0x4               dhcp.o
first_send_flag     0x8               socket.o
GET_SN_MASK         0x4               dhcp.o
__brkval            0x2               c:/winavr-20100110/bin/../lib/gcc/avr/4.3.3/../../../../avr/lib/avr51\libc.a(malloc.o)
local_port          0x2               socket.o
NetworkParam        0x1f              task_config.o
SOCK_INT            0x8               w5300.o
PageSize            0x2               dataflash.o
__flp               0x2               c:/winavr-20100110/bin/../lib/gcc/avr/4.3.3/../../../../avr/lib/avr51\libc.a(malloc.o)
RXMEM_SIZE          0x20              w5300.o
bchannel_start      0x1               main.o
MSGConfig           0x1f              task_config.o
__iob               0x6               c:/winavr-20100110/bin/../lib/gcc/avr/4.3.3/../../../../avr/lib/avr51\libc.a(iob.o)
SRC_MAC_ADDR        0x6               dhcp.o
TXMEM_SIZE          0x20              w5300.o
TIMER_IRQS          0x2               timer.o

Memory Configuration

Name             Origin             Length             Attributes
text             0x00000000         0x00020000         xr
data             0x00800060         0x0000ffa0         rw !x
eeprom           0x00810000         0x00010000         rw !x
fuse             0x00820000         0x00000400         rw !x
lock             0x00830000         0x00000400         rw !x
signature        0x00840000         0x00000400         rw !x
*default*        0x00000000         0xffffffff

Linker script and memory map

Address of section .data set to 0x800100
LOAD c:/winavr-20100110/bin/../lib/gcc/avr/4.3.3/../../../../avr/lib/avr51/crtm128.o
LOAD evb.o
LOAD dataflash.o
LOAD romfile.o
LOAD socket.o
LOAD w5300.o
LOAD httpd.o
LOAD main.o
LOAD task_config.o
LOAD delay.o
LOAD serial.o
LOAD wiz_util.o
LOAD lcd.o
LOAD tc77.o
LOAD timer.o
LOAD dhcp.o
LOAD dhcp_task.o
LOAD c:/winavr-20100110/bin/../lib/gcc/avr/4.3.3/avr51\libgcc.a
LOAD c:/winavr-20100110/bin/../lib/gcc/avr/4.3.3/../../../../avr/lib/avr51\libc.a
LOAD c:/winavr-20100110/bin/../lib/gcc/avr/4.3.3/avr51\libgcc.a

.hash
 *(.hash)

.dynsym
 *(.dynsym)

.dynstr
 *(.dynstr)

.gnu.version
 *(.gnu.version)

.gnu.version_d
 *(.gnu.version_d)

.gnu.version_r
 *(.gnu.version_r)

.rel.init
 *(.rel.init)

.rela.init
 *(.rela.init)

.rel.text
 *(.rel.text)
 *(.rel.text.*)
 *(.rel.gnu.linkonce.t*)

.rela.text
 *(.rela.text)
 *(.rela.text.*)
 *(.rela.gnu.linkonce.t*)

.rel.fini
 *(.rel.fini)

.rela.fini
 *(.rela.fini)

.rel.rodata
 *(.rel.rodata)
 *(.rel.rodata.*)
 *(.rel.gnu.linkonce.r*)

.rela.rodata
 *(.rela.rodata)
 *(.rela.rodata.*)
 *(.rela.gnu.linkonce.r*)

.rel.data
 *(.rel.data)
 *(.rel.data.*)
 *(.rel.gnu.linkonce.d*)

.rela.data
 *(.rela.data)
 *(.rela.data.*)
 *(.rela.gnu.linkonce.d*)

.rel.ctors
 *(.rel.ctors)

.rela.ctors
 *(.rela.ctors)

.rel.dtors
 *(.rel.dtors)

.rela.dtors
 *(.rela.dtors)

.rel.got
 *(.rel.got)

.rela.got
 *(.rela.got)

.rel.bss
 *(.rel.bss)

.rela.bss
 *(.rela.bss)

.rel.plt
 *(.rel.plt)

.rela.plt
 *(.rela.plt)

.text           0x00000000     0x799a
 *(.vectors)
 .vectors       0x00000000       0x8c c:/winavr-20100110/bin/../lib/gcc/avr/4.3.3/../../../../avr/lib/avr51/crtm128.o
                0x00000000                __vectors
                0x00000000                __vector_default
 *(.vectors)
 *(.progmem.gcc*)
 *(.progmem*)
 .progmem.data  0x0000008c      0x18e main.o
                0x0000021a                . = ALIGN (0x2)
                0x0000021a                __trampolines_start = .
 *(.trampolines)
 .trampolines   0x0000021a        0x0 linker stubs
 *(.trampolines*)
                0x0000021a                __trampolines_end = .
 *(.jumptables)
 *(.jumptables*)
 *(.lowtext)
 *(.lowtext*)
                0x0000021a                __ctors_start = .
 *(.ctors)
                0x0000021a                __ctors_end = .
                0x0000021a                __dtors_start = .
 *(.dtors)
                0x0000021a                __dtors_end = .
 SORT(*)(.ctors)
 SORT(*)(.dtors)
 *(.init0)
 .init0         0x0000021a        0x0 c:/winavr-20100110/bin/../lib/gcc/avr/4.3.3/../../../../avr/lib/avr51/crtm128.o
                0x0000021a                __init
 *(.init0)
 *(.init1)
 *(.init1)
 *(.init2)
 .init2         0x0000021a        0xc c:/winavr-20100110/bin/../lib/gcc/avr/4.3.3/../../../../avr/lib/avr51/crtm128.o
 *(.init2)
 *(.init3)
 *(.init3)
 *(.init4)
 .init4         0x00000226       0x1a c:/winavr-20100110/bin/../lib/gcc/avr/4.3.3/../../../../avr/lib/avr51/crtm128.o
                0x00000226                __do_copy_data
 .init4         0x00000240       0x10 c:/winavr-20100110/bin/../lib/gcc/avr/4.3.3/avr51\libgcc.a(_clear_bss.o)
                0x00000240                __do_clear_bss
 *(.init4)
 *(.init5)
 *(.init5)
 *(.init6)
 *(.init6)
 *(.init7)
 *(.init7)
 *(.init8)
 *(.init8)
 *(.init9)
 .init9         0x00000250        0x8 c:/winavr-20100110/bin/../lib/gcc/avr/4.3.3/../../../../avr/lib/avr51/crtm128.o
 *(.init9)
 *(.text)
 .text          0x00000258        0x4 c:/winavr-20100110/bin/../lib/gcc/avr/4.3.3/../../../../avr/lib/avr51/crtm128.o
                0x00000258                __vector_22
                0x00000258                __vector_28
                0x00000258                __vector_1
                0x00000258                __vector_32
                0x00000258                __vector_34
                0x00000258                __vector_24
                0x00000258                __vector_12
                0x00000258                __bad_interrupt
                0x00000258                __vector_6
                0x00000258                __vector_31
                0x00000258                __vector_3
                0x00000258                __vector_23
                0x00000258                __vector_30
                0x00000258                __vector_25
                0x00000258                __vector_11
                0x00000258                __vector_13
                0x00000258                __vector_17
                0x00000258                __vector_19
                0x00000258                __vector_7
                0x00000258                __vector_27
                0x00000258                __vector_5
                0x00000258                __vector_33
                0x00000258                __vector_4
                0x00000258                __vector_9
                0x00000258                __vector_2
                0x00000258                __vector_21
                0x00000258                __vector_15
                0x00000258                __vector_29
                0x00000258                __vector_8
                0x00000258                __vector_26
                0x00000258                __vector_14
                0x00000258                __vector_16
                0x00000258                __vector_20
 .text          0x0000025c      0x250 evb.o
                0x000002f6                led_state
                0x0000033c                evb_get_lcd_text
                0x00000470                evb_init
                0x0000031e                sw_state
                0x00000358                AdcInit
                0x000002da                led_on
                0x000003d8                evb_set_lcd_text
                0x00000310                sw_init
                0x0000037c                evb_soft_reset
                0x00000360                AdcRead
                0x0000025c                mcu_init
                0x00000276                led_toggle
                0x000002c0                led_off
                0x00000382                led_init
 .text          0x000004ac      0x412 dataflash.o
                0x00000742                DF_BufferReadStr
                0x000007de                DF_BufferWriteStr
                0x00000572                df_read_status
                0x0000063e                DF_PageToBuffer
                0x000004d4                SPI0_WriteByte
                0x00000838                Cont_Flash_Read_Enable
                0x000004dc                DF_BufferReadByte
                0x000006c0                DF_BufferToPage
                0x0000052e                DF_BufferWriteByte
                0x000004ca                SPI0_WriteReadByte
                0x0000061c                DF_Init
                0x000007a2                DF_BufferWriteEnable
                0x000004ac                SPI0_Init
 .text          0x000008be      0x2a2 romfile.o
                0x00000af0                write_to_flash
                0x000008d0                read_from_flashbuf
                0x000008be                InitDataFlash
                0x00000a0c                search_file_rom
                0x00000b4a                InitRomFile
                0x00000ae0                write_end_page
 .text          0x00000b60      0x7d6 socket.o
                0x00000f0c                recv
                0x00000b78                connect
                0x00000fac                recvfrom
                0x00000c4e                socket
                0x00001244                send
                0x00000b60                disconnect
                0x00000ddc                sendto
                0x00000d0c                listen
                0x00000d3a                igmpsend
                0x00000c36                close
 .text          0x00001336      0xa00 w5300.o
                0x00001498                setRTR
                0x0000144a                getSIPR
                0x0000161c                getSn_CR
                0x00001aa6                setSn_TOSR
                0x0000171a                setSn_DHAR
                0x000013c6                setSHAR
                0x0000133c                IINCHIP_WRITE
                0x00001362                getIR
                0x00001482                getRTR
                0x000015e6                getSn_MR
                0x000014a8                setRCR
                0x0000152c                getUIPR
                0x000016ce                getSn_DHAR
                0x000017c2                getSn_MSSR
                0x00001a3e                getSn_RX_FIFOR
                0x00001abc                getSn_TTLR
                0x000017e6                setSn_MSSR
                0x00001588                setPn_BRDYR
                0x000014ae                getPATR
                0x00001412                getSUBR
                0x0000176e                getSn_DIPR
                0x00001afe                setSn_FRAGR
                0x00001958                getSn_RX_RSR
                0x0000139e                getSHAR
                0x00001652                getSn_IMR
                0x00001a62                getSn_PROTOR
                0x00001862                setSn_TX_WRSR
                0x000015ba                setPn_BDPTHR
                0x00001548                getUPORTR
                0x00001c90                wiz_read_buf
                0x000014a2                getRCR
                0x00001466                setSIPR
                0x0000179e                setSn_DIPR
                0x0000155e                getFMTUR
                0x00001ae8                getSn_FRAGR
                0x0000159c                getPn_BDPTHR
                0x000013da                getGAR
                0x00001b14                sysinit
                0x00001336                IINCHIP_READ
                0x000014ca                setPTIMER
                0x0000167e                getSn_IR
                0x00001816                setSn_KPALVTR
                0x00001836                getSn_TX_WRSR
                0x00001574                getPn_BRDYR
                0x0000188e                getSn_TX_FSR
                0x000014c4                getPTIMER
                0x000014dc                getPSIDR
                0x0000137e                getIMR
                0x00001d26                iinchip_init
                0x000015d0                getIDR
                0x000014d6                setPMAGICR
                0x00001756                setSn_DPORTR
                0x00001394                setIMR
                0x00001a26                setSn_TX_FIFOR
                0x00001358                setMR
                0x00001694                setSn_IR
                0x000017fe                getSn_KPALVTR
                0x00001a90                getSn_TOSR
                0x00001a78                setSn_PROTOR
                0x0000142e                setSUBR
                0x000014d0                getPMAGICR
                0x00001668                setSn_IMR
                0x00001cf2                getIINCHIP_TxMAX
                0x00001378                setIR
                0x00001606                setSn_MR
                0x000016aa                getSn_SSR
                0x000014f2                getPDHAR
                0x00001632                setSn_CR
                0x00001c2e                wiz_write_buf
                0x00001d0c                getIINCHIP_RxMAX
                0x00001ad2                setSn_TTLR
                0x000013f6                setGAR
                0x00001342                getMR
 .text          0x00001d36      0x434 httpd.o
                0x00002048                unescape_http_url
                0x00001d36                get_http_uri_name
                0x00001d9e                parse_http_request
                0x000020d2                get_http_param_value
                0x00001f50                make_http_response_head
                0x00001e60                find_http_uri_type
 .text          0x0000216a     0x13e4 main.o
                0x00002fba                FlashWrite
                0x0000216a                cgi_ipconfig
                0x00002f98                evb_lcd_logo
                0x000034dc                main
                0x000021fc                ProcessWebSever
                0x0000309a                ProcessRomfileUpdate
                0x00002f30                RomFileTest
                0x0000345a                NetInit
                0x00002f8e                DisplayBar
                0x0000311c                DisplayConfig
 .text          0x0000354e      0x458 task_config.o
                0x000038f2                default_network
                0x0000392a                SetConfig
                0x0000354e                ProcessConfig
 .text          0x000039a6      0x13a delay.o
                0x00003aa8                wait_1ms
                0x00003ac4                wait_10ms
                0x000039a6                wait_1us
 .text          0x00003ae0      0x4d8 serial.o
                0x00003d6c                uart_gets
                0x00003c18                uart_stopbit
                0x00003d46                uart_puts
                0x00003efa                uart_init
                0x00003ee4                uart_flush_rx
                0x00003bee                uart_databit
                0x00003ce0                uart0_getchar
                0x00003c6e                uart_keyhit
                0x00003c38                uart_paritybit
                0x00003cbc                uart0_putchar
                0x00003c64                uart_flowctrl
                0x00003ae0                __vector_18
 .text          0x00003fb8      0x93e wiz_util.o
                0x00004626                inet_addr_
                0x00004192                swapl
                0x0000431e                GetSubMask
                0x00004554                getSocket
                0x00004408                CheckDestInLocal
                0x00003fb8                D2C
                0x000042f0                GetMacAddress
                0x00004182                swaps
                0x000044e6                GetDestAddr
                0x000043ba                GetIPAddress
                0x00003fd4                C2D
                0x00004216                ntohl
                0x000046c0                inet_ntoa_pad
                0x000041ec                htonl
                0x00004106                strtok
                0x0000416e                replacetochar
                0x000044a4                GetDestPort
                0x00004202                ntohs
                0x00004740                inet_ntoa
                0x0000457e                VerifyIPAddress
                0x000041f2                htons
                0x000047c0                GetNetConfig
                0x00003ff8                ATOI
                0x00004042                ValidATOI
                0x000042a6                GetDestMacAddr
                0x0000421c                checksum
                0x000040a8                strspn
                0x0000436c                GetGWAddress
                0x000040de                strpbrk
 .text          0x000048f6      0x210 lcd.o
                0x0000494e                lcd_ready
                0x000049f8                lcd_data
                0x00004a2c                lcd_gotoxy
                0x000049ec                lcd_clrscr
                0x000048f6                lcd_delay
                0x00004aba                lcd_puts
                0x00004af4                lcd_putch
                0x00004a6a                lcd_init
                0x000049b8                lcd_command
 .text          0x00004b06       0x52 tc77.o
                0x00004b0c                tc77_read
                0x00004b06                tc77_init
 .text          0x00004b58       0xf0 timer.o
                0x00004bfa                set_timer
                0x00004c1a                kill_timer
                0x00004bd6                init_timer
                0x00004b58                __vector_10
 .text          0x00004c48     0x1398 dhcp.o
                0x00005f66                getIP_DHCPS
                0x00004c72                init_dhcpc_ch
                0x000056cc                check_DHCP_state
                0x00004d04                init_dhcp_client
 .text          0x00005fe0      0x100 dhcp_task.o
                0x00005fe6                dhcp_task
                0x00005fee                dhcp_task_init
                0x00005fe0                sys_soft_reset
 .text          0x000060e0        0x0 c:/winavr-20100110/bin/../lib/gcc/avr/4.3.3/avr51\libgcc.a(_udivmodhi4.o)
 .text          0x000060e0        0x0 c:/winavr-20100110/bin/../lib/gcc/avr/4.3.3/avr51\libgcc.a(_udivmodsi4.o)
 .text          0x000060e0        0x0 c:/winavr-20100110/bin/../lib/gcc/avr/4.3.3/avr51\libgcc.a(_exit.o)
 .text          0x000060e0        0x0 c:/winavr-20100110/bin/../lib/gcc/avr/4.3.3/avr51\libgcc.a(_clear_bss.o)
 .text          0x000060e0       0x58 c:/winavr-20100110/bin/../lib/gcc/avr/4.3.3/avr51\libgcc.a(_fixunssfsi.o)
                0x000060e0                __fixunssfsi
 .text          0x00006138      0x354 c:/winavr-20100110/bin/../lib/gcc/avr/4.3.3/avr51\libgcc.a(_addsub_sf.o)
                0x000063d0                __subsf3
                0x00006432                __addsf3
 .text          0x0000648c      0x1f4 c:/winavr-20100110/bin/../lib/gcc/avr/4.3.3/avr51\libgcc.a(_mul_sf.o)
                0x0000648c                __mulsf3
 .text          0x00006680      0x158 c:/winavr-20100110/bin/../lib/gcc/avr/4.3.3/avr51\libgcc.a(_div_sf.o)
                0x00006680                __divsf3
 .text          0x000067d8       0x60 c:/winavr-20100110/bin/../lib/gcc/avr/4.3.3/avr51\libgcc.a(_gt_sf.o)
                0x000067d8                __gtsf2
 .text          0x00006838       0x60 c:/winavr-20100110/bin/../lib/gcc/avr/4.3.3/avr51\libgcc.a(_ge_sf.o)
                0x00006838                __gesf2
 .text          0x00006898       0x60 c:/winavr-20100110/bin/../lib/gcc/avr/4.3.3/avr51\libgcc.a(_lt_sf.o)
                0x00006898                __ltsf2
 .text          0x000068f8       0xa8 c:/winavr-20100110/bin/../lib/gcc/avr/4.3.3/avr51\libgcc.a(_sf_to_si.o)
                0x000068f8                __fixsfsi
 .text          0x000069a0        0x0 c:/winavr-20100110/bin/../lib/gcc/avr/4.3.3/avr51\libgcc.a(_thenan_sf.o)
 .text          0x000069a0       0xf2 c:/winavr-20100110/bin/../lib/gcc/avr/4.3.3/avr51\libgcc.a(_usi_to_sf.o)
                0x000069a0                __floatunsisf
 .text          0x00006a92        0x0 c:/winavr-20100110/bin/../lib/gcc/avr/4.3.3/avr51\libgcc.a(_prologue.o)
 .text          0x00006a92        0x0 c:/winavr-20100110/bin/../lib/gcc/avr/4.3.3/avr51\libgcc.a(_epilogue.o)
 .text          0x00006a92       0x9e c:/winavr-20100110/bin/../lib/gcc/avr/4.3.3/avr51\libgcc.a(_clzsi2.o)
                0x00006a92                __clzsi2
 .text          0x00006b30      0x1aa c:/winavr-20100110/bin/../lib/gcc/avr/4.3.3/avr51\libgcc.a(_pack_sf.o)
                0x00006b30                __pack_f
 .text          0x00006cda       0xf0 c:/winavr-20100110/bin/../lib/gcc/avr/4.3.3/avr51\libgcc.a(_unpack_sf.o)
                0x00006cda                __unpack_f
 .text          0x00006dca       0xb2 c:/winavr-20100110/bin/../lib/gcc/avr/4.3.3/avr51\libgcc.a(_fpcmp_parts_sf.o)
                0x00006dca                __fpcmp_parts_f
 .text          0x00006e7c        0x0 c:/winavr-20100110/bin/../lib/gcc/avr/4.3.3/avr51\libgcc.a(_clz.o)
 .text          0x00006e7c        0x0 c:/winavr-20100110/bin/../lib/gcc/avr/4.3.3/../../../../avr/lib/avr51\libc.a(memcpy_P.o)
 .text          0x00006e7c        0x0 c:/winavr-20100110/bin/../lib/gcc/avr/4.3.3/../../../../avr/lib/avr51\libc.a(memcmp.o)
 .text          0x00006e7c        0x0 c:/winavr-20100110/bin/../lib/gcc/avr/4.3.3/../../../../avr/lib/avr51\libc.a(memcpy.o)
 .text          0x00006e7c        0x0 c:/winavr-20100110/bin/../lib/gcc/avr/4.3.3/../../../../avr/lib/avr51\libc.a(memset.o)
 .text          0x00006e7c        0x0 c:/winavr-20100110/bin/../lib/gcc/avr/4.3.3/../../../../avr/lib/avr51\libc.a(strcat.o)
 .text          0x00006e7c        0x0 c:/winavr-20100110/bin/../lib/gcc/avr/4.3.3/../../../../avr/lib/avr51\libc.a(strchr.o)
 .text          0x00006e7c        0x0 c:/winavr-20100110/bin/../lib/gcc/avr/4.3.3/../../../../avr/lib/avr51\libc.a(strcmp.o)
 .text          0x00006e7c        0x0 c:/winavr-20100110/bin/../lib/gcc/avr/4.3.3/../../../../avr/lib/avr51\libc.a(strcpy.o)
 .text          0x00006e7c        0x0 c:/winavr-20100110/bin/../lib/gcc/avr/4.3.3/../../../../avr/lib/avr51\libc.a(strstr.o)
 .text          0x00006e7c        0x0 c:/winavr-20100110/bin/../lib/gcc/avr/4.3.3/../../../../avr/lib/avr51\libc.a(fdevopen.o)
 .text          0x00006e7c        0x0 c:/winavr-20100110/bin/../lib/gcc/avr/4.3.3/../../../../avr/lib/avr51\libc.a(iob.o)
 .text          0x00006e7c        0x0 c:/winavr-20100110/bin/../lib/gcc/avr/4.3.3/../../../../avr/lib/avr51\libc.a(printf.o)
 .text          0x00006e7c        0x0 c:/winavr-20100110/bin/../lib/gcc/avr/4.3.3/../../../../avr/lib/avr51\libc.a(puts.o)
 .text          0x00006e7c        0x0 c:/winavr-20100110/bin/../lib/gcc/avr/4.3.3/../../../../avr/lib/avr51\libc.a(sprintf.o)
 .text          0x00006e7c        0x0 c:/winavr-20100110/bin/../lib/gcc/avr/4.3.3/../../../../avr/lib/avr51\libc.a(vfprintf_std.o)
 .text          0x00006e7c        0x0 c:/winavr-20100110/bin/../lib/gcc/avr/4.3.3/../../../../avr/lib/avr51\libc.a(eerd_block_atmega128.o)
 .text          0x00006e7c        0x0 c:/winavr-20100110/bin/../lib/gcc/avr/4.3.3/../../../../avr/lib/avr51\libc.a(eerd_byte_atmega128.o)
 .text          0x00006e7c        0x0 c:/winavr-20100110/bin/../lib/gcc/avr/4.3.3/../../../../avr/lib/avr51\libc.a(eewr_block_atmega128.o)
 .text          0x00006e7c        0x0 c:/winavr-20100110/bin/../lib/gcc/avr/4.3.3/../../../../avr/lib/avr51\libc.a(eewr_byte_atmega128.o)
 .text          0x00006e7c        0x0 c:/winavr-20100110/bin/../lib/gcc/avr/4.3.3/../../../../avr/lib/avr51\libc.a(calloc.o)
 .text          0x00006e7c        0x0 c:/winavr-20100110/bin/../lib/gcc/avr/4.3.3/../../../../avr/lib/avr51\libc.a(malloc.o)
 .text          0x00006e7c        0x0 c:/winavr-20100110/bin/../lib/gcc/avr/4.3.3/../../../../avr/lib/avr51\libc.a(strnlen_P.o)
 .text          0x00006e7c        0x0 c:/winavr-20100110/bin/../lib/gcc/avr/4.3.3/../../../../avr/lib/avr51\libc.a(strnlen.o)
 .text          0x00006e7c        0x0 c:/winavr-20100110/bin/../lib/gcc/avr/4.3.3/../../../../avr/lib/avr51\libc.a(fputc.o)
 .text          0x00006e7c        0x0 c:/winavr-20100110/bin/../lib/gcc/avr/4.3.3/../../../../avr/lib/avr51\libc.a(ultoa_invert.o)
                0x00006e7c                . = ALIGN (0x2)
 *(.text.*)
 .text.libgcc   0x00006e7c       0x28 c:/winavr-20100110/bin/../lib/gcc/avr/4.3.3/avr51\libgcc.a(_udivmodhi4.o)
                0x00006e7c                __udivmodhi4
 .text.libgcc   0x00006ea4       0x44 c:/winavr-20100110/bin/../lib/gcc/avr/4.3.3/avr51\libgcc.a(_udivmodsi4.o)
                0x00006ea4                __udivmodsi4
 .text.libgcc   0x00006ee8        0x0 c:/winavr-20100110/bin/../lib/gcc/avr/4.3.3/avr51\libgcc.a(_exit.o)
 .text.libgcc   0x00006ee8        0x0 c:/winavr-20100110/bin/../lib/gcc/avr/4.3.3/avr51\libgcc.a(_clear_bss.o)
 .text.libgcc   0x00006ee8       0x38 c:/winavr-20100110/bin/../lib/gcc/avr/4.3.3/avr51\libgcc.a(_prologue.o)
                0x00006ee8                __prologue_saves__
 .text.libgcc   0x00006f20       0x36 c:/winavr-20100110/bin/../lib/gcc/avr/4.3.3/avr51\libgcc.a(_epilogue.o)
                0x00006f20                __epilogue_restores__
 .text.avr-libc
                0x00006f56       0x12 c:/winavr-20100110/bin/../lib/gcc/avr/4.3.3/../../../../avr/lib/avr51\libc.a(memcpy_P.o)
                0x00006f56                memcpy_P
 .text.avr-libc
                0x00006f68       0x1a c:/winavr-20100110/bin/../lib/gcc/avr/4.3.3/../../../../avr/lib/avr51\libc.a(memcmp.o)
                0x00006f68                memcmp
 .text.avr-libc
                0x00006f82       0x12 c:/winavr-20100110/bin/../lib/gcc/avr/4.3.3/../../../../avr/lib/avr51\libc.a(memcpy.o)
                0x00006f82                memcpy
 .text.avr-libc
                0x00006f94        0xe c:/winavr-20100110/bin/../lib/gcc/avr/4.3.3/../../../../avr/lib/avr51\libc.a(memset.o)
                0x00006f94                memset
 .text.avr-libc
                0x00006fa2       0x16 c:/winavr-20100110/bin/../lib/gcc/avr/4.3.3/../../../../avr/lib/avr51\libc.a(strcat.o)
                0x00006fa2                strcat
 .text.avr-libc
                0x00006fb8       0x16 c:/winavr-20100110/bin/../lib/gcc/avr/4.3.3/../../../../avr/lib/avr51\libc.a(strchr.o)
                0x00006fb8                strchr
 .text.avr-libc
                0x00006fce       0x12 c:/winavr-20100110/bin/../lib/gcc/avr/4.3.3/../../../../avr/lib/avr51\libc.a(strcmp.o)
                0x00006fce                strcmp
 .text.avr-libc
                0x00006fe0        0xe c:/winavr-20100110/bin/../lib/gcc/avr/4.3.3/../../../../avr/lib/avr51\libc.a(strcpy.o)
                0x00006fe0                strcpy
 .text.avr-libc
                0x00006fee       0x34 c:/winavr-20100110/bin/../lib/gcc/avr/4.3.3/../../../../avr/lib/avr51\libc.a(strstr.o)
                0x00006fee                strstr
 .text.avr-libc
                0x00007022       0x98 c:/winavr-20100110/bin/../lib/gcc/avr/4.3.3/../../../../avr/lib/avr51\libc.a(fdevopen.o)
                0x00007022                fdevopen
 .text.avr-libc
                0x000070ba       0x24 c:/winavr-20100110/bin/../lib/gcc/avr/4.3.3/../../../../avr/lib/avr51\libc.a(printf.o)
                0x000070ba                printf
 .text.avr-libc
                0x000070de       0x6a c:/winavr-20100110/bin/../lib/gcc/avr/4.3.3/../../../../avr/lib/avr51\libc.a(puts.o)
                0x000070de                puts
 .text.avr-libc
                0x00007148       0x62 c:/winavr-20100110/bin/../lib/gcc/avr/4.3.3/../../../../avr/lib/avr51\libc.a(sprintf.o)
                0x00007148                sprintf
 .text.avr-libc
                0x000071aa      0x40c c:/winavr-20100110/bin/../lib/gcc/avr/4.3.3/../../../../avr/lib/avr51\libc.a(vfprintf_std.o)
                0x000071aa                vfprintf
 .text.avr-libc
                0x000075b6       0x20 c:/winavr-20100110/bin/../lib/gcc/avr/4.3.3/../../../../avr/lib/avr51\libc.a(eerd_block_atmega128.o)
                0x000075ba                __eerd_blraw_m128
                0x000075b6                __eerd_block_m128
 .text.avr-libc
                0x000075d6       0x10 c:/winavr-20100110/bin/../lib/gcc/avr/4.3.3/../../../../avr/lib/avr51\libc.a(eerd_byte_atmega128.o)
                0x000075d6                __eerd_byte_m128
 .text.avr-libc
                0x000075e6       0x14 c:/winavr-20100110/bin/../lib/gcc/avr/4.3.3/../../../../avr/lib/avr51\libc.a(eewr_block_atmega128.o)
                0x000075e6                __eewr_block_m128
 .text.avr-libc
                0x000075fa       0x1a c:/winavr-20100110/bin/../lib/gcc/avr/4.3.3/../../../../avr/lib/avr51\libc.a(eewr_byte_atmega128.o)
                0x000075fc                __eewr_r18_m128
                0x000075fa                __eewr_byte_m128
 .text.avr-libc
                0x00007614       0x38 c:/winavr-20100110/bin/../lib/gcc/avr/4.3.3/../../../../avr/lib/avr51\libc.a(calloc.o)
                0x00007614                calloc
 .text.avr-libc
                0x0000764c      0x20a c:/winavr-20100110/bin/../lib/gcc/avr/4.3.3/../../../../avr/lib/avr51\libc.a(malloc.o)
                0x0000764c                malloc
                0x000077a6                free
 .text.avr-libc
                0x00007856       0x16 c:/winavr-20100110/bin/../lib/gcc/avr/4.3.3/../../../../avr/lib/avr51\libc.a(strnlen_P.o)
                0x00007856                strnlen_P
 .text.avr-libc
                0x0000786c       0x16 c:/winavr-20100110/bin/../lib/gcc/avr/4.3.3/../../../../avr/lib/avr51\libc.a(strnlen.o)
                0x0000786c                strnlen
 .text.avr-libc
                0x00007882       0x58 c:/winavr-20100110/bin/../lib/gcc/avr/4.3.3/../../../../avr/lib/avr51\libc.a(fputc.o)
                0x00007882                fputc
 .text.avr-libc
                0x000078da       0xbc c:/winavr-20100110/bin/../lib/gcc/avr/4.3.3/../../../../avr/lib/avr51\libc.a(ultoa_invert.o)
                0x000078da                __ultoa_invert
                0x00007996                . = ALIGN (0x2)
 *(.fini9)
 .fini9         0x00007996        0x0 c:/winavr-20100110/bin/../lib/gcc/avr/4.3.3/avr51\libgcc.a(_exit.o)
                0x00007996                exit
                0x00007996                _exit
 *(.fini9)
 *(.fini8)
 *(.fini8)
 *(.fini7)
 *(.fini7)
 *(.fini6)
 *(.fini6)
 *(.fini5)
 *(.fini5)
 *(.fini4)
 *(.fini4)
 *(.fini3)
 *(.fini3)
 *(.fini2)
 *(.fini2)
 *(.fini1)
 *(.fini1)
 *(.fini0)
 .fini0         0x00007996        0x4 c:/winavr-20100110/bin/../lib/gcc/avr/4.3.3/avr51\libgcc.a(_exit.o)
 *(.fini0)
                0x0000799a                _etext = .

.data           0x00800100      0x8fe load address 0x0000799a
                0x00800100                PROVIDE (__data_start, .)
 *(.data)
 .data          0x00800100        0x0 c:/winavr-20100110/bin/../lib/gcc/avr/4.3.3/../../../../avr/lib/avr51/crtm128.o
 .data          0x00800100       0x22 evb.o
 .data          0x00800122       0x18 dataflash.o
 .data          0x0080013a        0x0 romfile.o
 .data          0x0080013a       0x7b socket.o
 .data          0x008001b5        0x0 w5300.o
 .data          0x008001b5      0x21d httpd.o
 .data          0x008003d2      0x2de main.o
 .data          0x008006b0       0x65 task_config.o
 .data          0x00800715        0x0 delay.o
 .data          0x00800715        0x3 serial.o
 .data          0x00800718      0x12e wiz_util.o
 .data          0x00800846        0x0 lcd.o
 .data          0x00800846        0x0 tc77.o
 .data          0x00800846        0x0 timer.o
 .data          0x00800846       0x3d dhcp.o
                0x00800877                GET_DNS_IP
 .data          0x00800883       0x6c dhcp_task.o
 .data          0x008008ef        0x0 c:/winavr-20100110/bin/../lib/gcc/avr/4.3.3/avr51\libgcc.a(_udivmodhi4.o)
 .data          0x008008ef        0x0 c:/winavr-20100110/bin/../lib/gcc/avr/4.3.3/avr51\libgcc.a(_udivmodsi4.o)
 .data          0x008008ef        0x0 c:/winavr-20100110/bin/../lib/gcc/avr/4.3.3/avr51\libgcc.a(_exit.o)
 .data          0x008008ef        0x0 c:/winavr-20100110/bin/../lib/gcc/avr/4.3.3/avr51\libgcc.a(_clear_bss.o)
 .data          0x008008ef        0x0 c:/winavr-20100110/bin/../lib/gcc/avr/4.3.3/avr51\libgcc.a(_fixunssfsi.o)
 .data          0x008008ef        0x0 c:/winavr-20100110/bin/../lib/gcc/avr/4.3.3/avr51\libgcc.a(_addsub_sf.o)
 .data          0x008008ef        0x0 c:/winavr-20100110/bin/../lib/gcc/avr/4.3.3/avr51\libgcc.a(_mul_sf.o)
 .data          0x008008ef        0x0 c:/winavr-20100110/bin/../lib/gcc/avr/4.3.3/avr51\libgcc.a(_div_sf.o)
 .data          0x008008ef        0x0 c:/winavr-20100110/bin/../lib/gcc/avr/4.3.3/avr51\libgcc.a(_gt_sf.o)
 .data          0x008008ef        0x0 c:/winavr-20100110/bin/../lib/gcc/avr/4.3.3/avr51\libgcc.a(_ge_sf.o)
 .data          0x008008ef        0x0 c:/winavr-20100110/bin/../lib/gcc/avr/4.3.3/avr51\libgcc.a(_lt_sf.o)
 .data          0x008008ef        0x0 c:/winavr-20100110/bin/../lib/gcc/avr/4.3.3/avr51\libgcc.a(_sf_to_si.o)
 .data          0x008008ef        0x8 c:/winavr-20100110/bin/../lib/gcc/avr/4.3.3/avr51\libgcc.a(_thenan_sf.o)
                0x008008ef                __thenan_sf
 .data          0x008008f7        0x0 c:/winavr-20100110/bin/../lib/gcc/avr/4.3.3/avr51\libgcc.a(_usi_to_sf.o)
 .data          0x008008f7        0x0 c:/winavr-20100110/bin/../lib/gcc/avr/4.3.3/avr51\libgcc.a(_prologue.o)
 .data          0x008008f7        0x0 c:/winavr-20100110/bin/../lib/gcc/avr/4.3.3/avr51\libgcc.a(_epilogue.o)
 .data          0x008008f7        0x0 c:/winavr-20100110/bin/../lib/gcc/avr/4.3.3/avr51\libgcc.a(_clzsi2.o)
 .data          0x008008f7        0x0 c:/winavr-20100110/bin/../lib/gcc/avr/4.3.3/avr51\libgcc.a(_pack_sf.o)
 .data          0x008008f7        0x0 c:/winavr-20100110/bin/../lib/gcc/avr/4.3.3/avr51\libgcc.a(_unpack_sf.o)
 .data          0x008008f7        0x0 c:/winavr-20100110/bin/../lib/gcc/avr/4.3.3/avr51\libgcc.a(_fpcmp_parts_sf.o)
 .data          0x008008f7      0x100 c:/winavr-20100110/bin/../lib/gcc/avr/4.3.3/avr51\libgcc.a(_clz.o)
                0x008008f7                __clz_tab
 .data          0x008009f7        0x0 c:/winavr-20100110/bin/../lib/gcc/avr/4.3.3/../../../../avr/lib/avr51\libc.a(memcpy_P.o)
 .data          0x008009f7        0x0 c:/winavr-20100110/bin/../lib/gcc/avr/4.3.3/../../../../avr/lib/avr51\libc.a(memcmp.o)
 .data          0x008009f7        0x0 c:/winavr-20100110/bin/../lib/gcc/avr/4.3.3/../../../../avr/lib/avr51\libc.a(memcpy.o)
 .data          0x008009f7        0x0 c:/winavr-20100110/bin/../lib/gcc/avr/4.3.3/../../../../avr/lib/avr51\libc.a(memset.o)
 .data          0x008009f7        0x0 c:/winavr-20100110/bin/../lib/gcc/avr/4.3.3/../../../../avr/lib/avr51\libc.a(strcat.o)
 .data          0x008009f7        0x0 c:/winavr-20100110/bin/../lib/gcc/avr/4.3.3/../../../../avr/lib/avr51\libc.a(strchr.o)
 .data          0x008009f7        0x0 c:/winavr-20100110/bin/../lib/gcc/avr/4.3.3/../../../../avr/lib/avr51\libc.a(strcmp.o)
 .data          0x008009f7        0x0 c:/winavr-20100110/bin/../lib/gcc/avr/4.3.3/../../../../avr/lib/avr51\libc.a(strcpy.o)
 .data          0x008009f7        0x0 c:/winavr-20100110/bin/../lib/gcc/avr/4.3.3/../../../../avr/lib/avr51\libc.a(strstr.o)
 .data          0x008009f7        0x0 c:/winavr-20100110/bin/../lib/gcc/avr/4.3.3/../../../../avr/lib/avr51\libc.a(fdevopen.o)
 .data          0x008009f7        0x0 c:/winavr-20100110/bin/../lib/gcc/avr/4.3.3/../../../../avr/lib/avr51\libc.a(iob.o)
 .data          0x008009f7        0x0 c:/winavr-20100110/bin/../lib/gcc/avr/4.3.3/../../../../avr/lib/avr51\libc.a(printf.o)
 .data          0x008009f7        0x0 c:/winavr-20100110/bin/../lib/gcc/avr/4.3.3/../../../../avr/lib/avr51\libc.a(puts.o)
 .data          0x008009f7        0x0 c:/winavr-20100110/bin/../lib/gcc/avr/4.3.3/../../../../avr/lib/avr51\libc.a(sprintf.o)
 .data          0x008009f7        0x0 c:/winavr-20100110/bin/../lib/gcc/avr/4.3.3/../../../../avr/lib/avr51\libc.a(vfprintf_std.o)
 .data          0x008009f7        0x0 c:/winavr-20100110/bin/../lib/gcc/avr/4.3.3/../../../../avr/lib/avr51\libc.a(eerd_block_atmega128.o)
 .data          0x008009f7        0x0 c:/winavr-20100110/bin/../lib/gcc/avr/4.3.3/../../../../avr/lib/avr51\libc.a(eerd_byte_atmega128.o)
 .data          0x008009f7        0x0 c:/winavr-20100110/bin/../lib/gcc/avr/4.3.3/../../../../avr/lib/avr51\libc.a(eewr_block_atmega128.o)
 .data          0x008009f7        0x0 c:/winavr-20100110/bin/../lib/gcc/avr/4.3.3/../../../../avr/lib/avr51\libc.a(eewr_byte_atmega128.o)
 .data          0x008009f7        0x0 c:/winavr-20100110/bin/../lib/gcc/avr/4.3.3/../../../../avr/lib/avr51\libc.a(calloc.o)
 .data          0x008009f7        0x6 c:/winavr-20100110/bin/../lib/gcc/avr/4.3.3/../../../../avr/lib/avr51\libc.a(malloc.o)
                0x008009f9                __malloc_heap_start
                0x008009fb                __malloc_heap_end
                0x008009f7                __malloc_margin
 .data          0x008009fd        0x0 c:/winavr-20100110/bin/../lib/gcc/avr/4.3.3/../../../../avr/lib/avr51\libc.a(strnlen_P.o)
 .data          0x008009fd        0x0 c:/winavr-20100110/bin/../lib/gcc/avr/4.3.3/../../../../avr/lib/avr51\libc.a(strnlen.o)
 .data          0x008009fd        0x0 c:/winavr-20100110/bin/../lib/gcc/avr/4.3.3/../../../../avr/lib/avr51\libc.a(fputc.o)
 .data          0x008009fd        0x0 c:/winavr-20100110/bin/../lib/gcc/avr/4.3.3/../../../../avr/lib/avr51\libc.a(ultoa_invert.o)
 *(.data*)
 *(.rodata)
 *(.rodata*)
 *(.gnu.linkonce.d*)
                0x008009fe                . = ALIGN (0x2)
 *fill*         0x008009fd        0x1 00
                0x008009fe                _edata = .
                0x008009fe                PROVIDE (__data_end, .)

.bss            0x008009fe      0x173
                0x008009fe                PROVIDE (__bss_start, .)
 *(.bss)
 .bss           0x008009fe        0x0 c:/winavr-20100110/bin/../lib/gcc/avr/4.3.3/../../../../avr/lib/avr51/crtm128.o
 .bss           0x008009fe       0x22 evb.o
 .bss           0x00800a20        0x0 dataflash.o
 .bss           0x00800a20        0x4 romfile.o
                0x00800a22                m_WritePage
                0x00800a20                m_WriteAddress
 .bss           0x00800a24       0x10 socket.o
                0x00800a24                cmd_cnt
 .bss           0x00800a34        0x0 w5300.o
 .bss           0x00800a34        0x0 httpd.o
 .bss           0x00800a34        0xe main.o
                0x00800a36                m_FileSize
                0x00800a34                m_FlagWrite
                0x00800a3a                m_FileWriteCount
                0x00800a35                m_FlagFlashWrite
 .bss           0x00800a42        0x0 task_config.o
 .bss           0x00800a42        0x0 delay.o
 .bss           0x00800a42       0x2a serial.o
 .bss           0x00800a6c       0x22 wiz_util.o
 .bss           0x00800a8e        0x0 lcd.o
 .bss           0x00800a8e        0x0 tc77.o
 .bss           0x00800a8e        0x2 timer.o
 .bss           0x00800a90       0x2a dhcp.o
                0x00800a90                GET_SIP
                0x00800a94                dhcp_ip_update
                0x00800a96                dhcp_ip_conflict
 .bss           0x00800aba        0x1 dhcp_task.o
                0x00800aba                m_FlagDhcpInit
 .bss           0x00800abb        0x0 c:/winavr-20100110/bin/../lib/gcc/avr/4.3.3/avr51\libgcc.a(_udivmodhi4.o)
 .bss           0x00800abb        0x0 c:/winavr-20100110/bin/../lib/gcc/avr/4.3.3/avr51\libgcc.a(_udivmodsi4.o)
 .bss           0x00800abb        0x0 c:/winavr-20100110/bin/../lib/gcc/avr/4.3.3/avr51\libgcc.a(_exit.o)
 .bss           0x00800abb        0x0 c:/winavr-20100110/bin/../lib/gcc/avr/4.3.3/avr51\libgcc.a(_clear_bss.o)
 .bss           0x00800abb        0x0 c:/winavr-20100110/bin/../lib/gcc/avr/4.3.3/avr51\libgcc.a(_fixunssfsi.o)
 .bss           0x00800abb        0x0 c:/winavr-20100110/bin/../lib/gcc/avr/4.3.3/avr51\libgcc.a(_addsub_sf.o)
 .bss           0x00800abb        0x0 c:/winavr-20100110/bin/../lib/gcc/avr/4.3.3/avr51\libgcc.a(_mul_sf.o)
 .bss           0x00800abb        0x0 c:/winavr-20100110/bin/../lib/gcc/avr/4.3.3/avr51\libgcc.a(_div_sf.o)
 .bss           0x00800abb        0x0 c:/winavr-20100110/bin/../lib/gcc/avr/4.3.3/avr51\libgcc.a(_gt_sf.o)
 .bss           0x00800abb        0x0 c:/winavr-20100110/bin/../lib/gcc/avr/4.3.3/avr51\libgcc.a(_ge_sf.o)
 .bss           0x00800abb        0x0 c:/winavr-20100110/bin/../lib/gcc/avr/4.3.3/avr51\libgcc.a(_lt_sf.o)
 .bss           0x00800abb        0x0 c:/winavr-20100110/bin/../lib/gcc/avr/4.3.3/avr51\libgcc.a(_sf_to_si.o)
 .bss           0x00800abb        0x0 c:/winavr-20100110/bin/../lib/gcc/avr/4.3.3/avr51\libgcc.a(_thenan_sf.o)
 .bss           0x00800abb        0x0 c:/winavr-20100110/bin/../lib/gcc/avr/4.3.3/avr51\libgcc.a(_usi_to_sf.o)
 .bss           0x00800abb        0x0 c:/winavr-20100110/bin/../lib/gcc/avr/4.3.3/avr51\libgcc.a(_prologue.o)
 .bss           0x00800abb        0x0 c:/winavr-20100110/bin/../lib/gcc/avr/4.3.3/avr51\libgcc.a(_epilogue.o)
 .bss           0x00800abb        0x0 c:/winavr-20100110/bin/../lib/gcc/avr/4.3.3/avr51\libgcc.a(_clzsi2.o)
 .bss           0x00800abb        0x0 c:/winavr-20100110/bin/../lib/gcc/avr/4.3.3/avr51\libgcc.a(_pack_sf.o)
 .bss           0x00800abb        0x0 c:/winavr-20100110/bin/../lib/gcc/avr/4.3.3/avr51\libgcc.a(_unpack_sf.o)
 .bss           0x00800abb        0x0 c:/winavr-20100110/bin/../lib/gcc/avr/4.3.3/avr51\libgcc.a(_fpcmp_parts_sf.o)
 .bss           0x00800abb        0x0 c:/winavr-20100110/bin/../lib/gcc/avr/4.3.3/avr51\libgcc.a(_clz.o)
 .bss           0x00800abb        0x0 c:/winavr-20100110/bin/../lib/gcc/avr/4.3.3/../../../../avr/lib/avr51\libc.a(memcpy_P.o)
 .bss           0x00800abb        0x0 c:/winavr-20100110/bin/../lib/gcc/avr/4.3.3/../../../../avr/lib/avr51\libc.a(memcmp.o)
 .bss           0x00800abb        0x0 c:/winavr-20100110/bin/../lib/gcc/avr/4.3.3/../../../../avr/lib/avr51\libc.a(memcpy.o)
 .bss           0x00800abb        0x0 c:/winavr-20100110/bin/../lib/gcc/avr/4.3.3/../../../../avr/lib/avr51\libc.a(memset.o)
 .bss           0x00800abb        0x0 c:/winavr-20100110/bin/../lib/gcc/avr/4.3.3/../../../../avr/lib/avr51\libc.a(strcat.o)
 .bss           0x00800abb        0x0 c:/winavr-20100110/bin/../lib/gcc/avr/4.3.3/../../../../avr/lib/avr51\libc.a(strchr.o)
 .bss           0x00800abb        0x0 c:/winavr-20100110/bin/../lib/gcc/avr/4.3.3/../../../../avr/lib/avr51\libc.a(strcmp.o)
 .bss           0x00800abb        0x0 c:/winavr-20100110/bin/../lib/gcc/avr/4.3.3/../../../../avr/lib/avr51\libc.a(strcpy.o)
 .bss           0x00800abb        0x0 c:/winavr-20100110/bin/../lib/gcc/avr/4.3.3/../../../../avr/lib/avr51\libc.a(strstr.o)
 .bss           0x00800abb        0x0 c:/winavr-20100110/bin/../lib/gcc/avr/4.3.3/../../../../avr/lib/avr51\libc.a(fdevopen.o)
 .bss           0x00800abb        0x0 c:/winavr-20100110/bin/../lib/gcc/avr/4.3.3/../../../../avr/lib/avr51\libc.a(iob.o)
 .bss           0x00800abb        0x0 c:/winavr-20100110/bin/../lib/gcc/avr/4.3.3/../../../../avr/lib/avr51\libc.a(printf.o)
 .bss           0x00800abb        0x0 c:/winavr-20100110/bin/../lib/gcc/avr/4.3.3/../../../../avr/lib/avr51\libc.a(puts.o)
 .bss           0x00800abb        0x0 c:/winavr-20100110/bin/../lib/gcc/avr/4.3.3/../../../../avr/lib/avr51\libc.a(sprintf.o)
 .bss           0x00800abb        0x0 c:/winavr-20100110/bin/../lib/gcc/avr/4.3.3/../../../../avr/lib/avr51\libc.a(vfprintf_std.o)
 .bss           0x00800abb        0x0 c:/winavr-20100110/bin/../lib/gcc/avr/4.3.3/../../../../avr/lib/avr51\libc.a(eerd_block_atmega128.o)
 .bss           0x00800abb        0x0 c:/winavr-20100110/bin/../lib/gcc/avr/4.3.3/../../../../avr/lib/avr51\libc.a(eerd_byte_atmega128.o)
 .bss           0x00800abb        0x0 c:/winavr-20100110/bin/../lib/gcc/avr/4.3.3/../../../../avr/lib/avr51\libc.a(eewr_block_atmega128.o)
 .bss           0x00800abb        0x0 c:/winavr-20100110/bin/../lib/gcc/avr/4.3.3/../../../../avr/lib/avr51\libc.a(eewr_byte_atmega128.o)
 .bss           0x00800abb        0x0 c:/winavr-20100110/bin/../lib/gcc/avr/4.3.3/../../../../avr/lib/avr51\libc.a(calloc.o)
 .bss           0x00800abb        0x0 c:/winavr-20100110/bin/../lib/gcc/avr/4.3.3/../../../../avr/lib/avr51\libc.a(malloc.o)
 .bss           0x00800abb        0x0 c:/winavr-20100110/bin/../lib/gcc/avr/4.3.3/../../../../avr/lib/avr51\libc.a(strnlen_P.o)
 .bss           0x00800abb        0x0 c:/winavr-20100110/bin/../lib/gcc/avr/4.3.3/../../../../avr/lib/avr51\libc.a(strnlen.o)
 .bss           0x00800abb        0x0 c:/winavr-20100110/bin/../lib/gcc/avr/4.3.3/../../../../avr/lib/avr51\libc.a(fputc.o)
 .bss           0x00800abb        0x0 c:/winavr-20100110/bin/../lib/gcc/avr/4.3.3/../../../../avr/lib/avr51\libc.a(ultoa_invert.o)
 *(.bss*)
 *(COMMON)
 COMMON         0x00800abb        0x3 dataflash.o
                0x00800abb                PageBits
                0x00800abc                PageSize
 COMMON         0x00800abe       0x12 socket.o
                0x00800abe                check_sendok_flag
                0x00800ac6                first_send_flag
                0x00800ace                local_port
 COMMON         0x00800ad0       0x48 w5300.o
                0x00800ad0                SOCK_INT
                0x00800ad8                RXMEM_SIZE
                0x00800af8                TXMEM_SIZE
 COMMON         0x00800b18        0x1 main.o
                0x00800b18                bchannel_start
 COMMON         0x00800b19       0x3e task_config.o
                0x00800b19                NetworkParam
                0x00800b38                MSGConfig
 COMMON         0x00800b57        0x2 timer.o
                0x00800b57                TIMER_IRQS
 COMMON         0x00800b59        0xe dhcp.o
                0x00800b59                GET_GW_IP
                0x00800b5d                GET_SN_MASK
                0x00800b61                SRC_MAC_ADDR
 COMMON         0x00800b67        0x6 c:/winavr-20100110/bin/../lib/gcc/avr/4.3.3/../../../../avr/lib/avr51\libc.a(iob.o)
                0x00800b67                __iob
 COMMON         0x00800b6d        0x4 c:/winavr-20100110/bin/../lib/gcc/avr/4.3.3/../../../../avr/lib/avr51\libc.a(malloc.o)
                0x00800b6d                __brkval
                0x00800b6f                __flp
                0x00800b71                PROVIDE (__bss_end, .)
                0x0000799a                __data_load_start = LOADADDR (.data)
                0x00008298                __data_load_end = (__data_load_start + SIZEOF (.data))

.noinit         0x00800b71        0x0
                0x00800b71                PROVIDE (__noinit_start, .)
 *(.noinit*)
                0x00800b71                PROVIDE (__noinit_end, .)
                0x00800b71                _end = .
                0x00800b71                PROVIDE (__heap_start, .)

.eeprom         0x00810000        0x0
 *(.eeprom*)
                0x00810000                __eeprom_end = .

.fuse
 *(.fuse)
 *(.lfuse)
 *(.hfuse)
 *(.efuse)

.lock
 *(.lock*)

.signature
 *(.signature*)

.stab
 *(.stab)

.stabstr
 *(.stabstr)

.stab.excl
 *(.stab.excl)

.stab.exclstr
 *(.stab.exclstr)

.stab.index
 *(.stab.index)

.stab.indexstr
 *(.stab.indexstr)

.comment
 *(.comment)

.debug
 *(.debug)

.line
 *(.line)

.debug_srcinfo
 *(.debug_srcinfo)

.debug_sfnames
 *(.debug_sfnames)

.debug_aranges  0x00000000      0x3a0
 *(.debug_aranges)
 .debug_aranges
                0x00000000       0x20 evb.o
 .debug_aranges
                0x00000020       0x20 dataflash.o
 .debug_aranges
                0x00000040       0x20 romfile.o
 .debug_aranges
                0x00000060       0x20 socket.o
 .debug_aranges
                0x00000080       0x20 w5300.o
 .debug_aranges
                0x000000a0       0x20 httpd.o
 .debug_aranges
                0x000000c0       0x20 main.o
 .debug_aranges
                0x000000e0       0x20 task_config.o
 .debug_aranges
                0x00000100       0x20 delay.o
 .debug_aranges
                0x00000120       0x20 serial.o
 .debug_aranges
                0x00000140       0x20 wiz_util.o
 .debug_aranges
                0x00000160       0x20 lcd.o
 .debug_aranges
                0x00000180       0x20 tc77.o
 .debug_aranges
                0x000001a0       0x20 timer.o
 .debug_aranges
                0x000001c0       0x20 dhcp.o
 .debug_aranges
                0x000001e0       0x20 dhcp_task.o
 .debug_aranges
                0x00000200       0x20 c:/winavr-20100110/bin/../lib/gcc/avr/4.3.3/avr51\libgcc.a(_fixunssfsi.o)
 .debug_aranges
                0x00000220       0x20 c:/winavr-20100110/bin/../lib/gcc/avr/4.3.3/avr51\libgcc.a(_addsub_sf.o)
 .debug_aranges
                0x00000240       0x20 c:/winavr-20100110/bin/../lib/gcc/avr/4.3.3/avr51\libgcc.a(_mul_sf.o)
 .debug_aranges
                0x00000260       0x20 c:/winavr-20100110/bin/../lib/gcc/avr/4.3.3/avr51\libgcc.a(_div_sf.o)
 .debug_aranges
                0x00000280       0x20 c:/winavr-20100110/bin/../lib/gcc/avr/4.3.3/avr51\libgcc.a(_gt_sf.o)
 .debug_aranges
                0x000002a0       0x20 c:/winavr-20100110/bin/../lib/gcc/avr/4.3.3/avr51\libgcc.a(_ge_sf.o)
 .debug_aranges
                0x000002c0       0x20 c:/winavr-20100110/bin/../lib/gcc/avr/4.3.3/avr51\libgcc.a(_lt_sf.o)
 .debug_aranges
                0x000002e0       0x20 c:/winavr-20100110/bin/../lib/gcc/avr/4.3.3/avr51\libgcc.a(_sf_to_si.o)
 .debug_aranges
                0x00000300       0x20 c:/winavr-20100110/bin/../lib/gcc/avr/4.3.3/avr51\libgcc.a(_usi_to_sf.o)
 .debug_aranges
                0x00000320       0x20 c:/winavr-20100110/bin/../lib/gcc/avr/4.3.3/avr51\libgcc.a(_clzsi2.o)
 .debug_aranges
                0x00000340       0x20 c:/winavr-20100110/bin/../lib/gcc/avr/4.3.3/avr51\libgcc.a(_pack_sf.o)
 .debug_aranges
                0x00000360       0x20 c:/winavr-20100110/bin/../lib/gcc/avr/4.3.3/avr51\libgcc.a(_unpack_sf.o)
 .debug_aranges
                0x00000380       0x20 c:/winavr-20100110/bin/../lib/gcc/avr/4.3.3/avr51\libgcc.a(_fpcmp_parts_sf.o)

.debug_pubnames
                0x00000000     0x10df
 *(.debug_pubnames)
 .debug_pubnames
                0x00000000       0xdb evb.o
 .debug_pubnames
                0x000000db      0x137 dataflash.o
 .debug_pubnames
                0x00000212       0xa8 romfile.o
 .debug_pubnames
                0x000002ba       0xc9 socket.o
 .debug_pubnames
                0x00000383      0x457 w5300.o
 .debug_pubnames
                0x000007da       0xa1 httpd.o
 .debug_pubnames
                0x0000087b      0x112 main.o
 .debug_pubnames
                0x0000098d       0x65 task_config.o
 .debug_pubnames
                0x000009f2       0x3a delay.o
 .debug_pubnames
                0x00000a2c       0xd9 serial.o
 .debug_pubnames
                0x00000b05      0x1a3 wiz_util.o
 .debug_pubnames
                0x00000ca8       0x91 lcd.o
 .debug_pubnames
                0x00000d39       0x2e tc77.o
 .debug_pubnames
                0x00000d67       0x5d timer.o
 .debug_pubnames
                0x00000dc4       0xd0 dhcp.o
 .debug_pubnames
                0x00000e94       0x59 dhcp_task.o
 .debug_pubnames
                0x00000eed       0x23 c:/winavr-20100110/bin/../lib/gcc/avr/4.3.3/avr51\libgcc.a(_fixunssfsi.o)
 .debug_pubnames
                0x00000f10       0x2c c:/winavr-20100110/bin/../lib/gcc/avr/4.3.3/avr51\libgcc.a(_addsub_sf.o)
 .debug_pubnames
                0x00000f3c       0x1f c:/winavr-20100110/bin/../lib/gcc/avr/4.3.3/avr51\libgcc.a(_mul_sf.o)
 .debug_pubnames
                0x00000f5b       0x1f c:/winavr-20100110/bin/../lib/gcc/avr/4.3.3/avr51\libgcc.a(_div_sf.o)
 .debug_pubnames
                0x00000f7a       0x1e c:/winavr-20100110/bin/../lib/gcc/avr/4.3.3/avr51\libgcc.a(_gt_sf.o)
 .debug_pubnames
                0x00000f98       0x1e c:/winavr-20100110/bin/../lib/gcc/avr/4.3.3/avr51\libgcc.a(_ge_sf.o)
 .debug_pubnames
                0x00000fb6       0x1e c:/winavr-20100110/bin/../lib/gcc/avr/4.3.3/avr51\libgcc.a(_lt_sf.o)
 .debug_pubnames
                0x00000fd4       0x20 c:/winavr-20100110/bin/../lib/gcc/avr/4.3.3/avr51\libgcc.a(_sf_to_si.o)
 .debug_pubnames
                0x00000ff4       0x22 c:/winavr-20100110/bin/../lib/gcc/avr/4.3.3/avr51\libgcc.a(_thenan_sf.o)
 .debug_pubnames
                0x00001016       0x24 c:/winavr-20100110/bin/../lib/gcc/avr/4.3.3/avr51\libgcc.a(_usi_to_sf.o)
 .debug_pubnames
                0x0000103a       0x1f c:/winavr-20100110/bin/../lib/gcc/avr/4.3.3/avr51\libgcc.a(_clzsi2.o)
 .debug_pubnames
                0x00001059       0x1f c:/winavr-20100110/bin/../lib/gcc/avr/4.3.3/avr51\libgcc.a(_pack_sf.o)
 .debug_pubnames
                0x00001078       0x21 c:/winavr-20100110/bin/../lib/gcc/avr/4.3.3/avr51\libgcc.a(_unpack_sf.o)
 .debug_pubnames
                0x00001099       0x26 c:/winavr-20100110/bin/../lib/gcc/avr/4.3.3/avr51\libgcc.a(_fpcmp_parts_sf.o)
 .debug_pubnames
                0x000010bf       0x20 c:/winavr-20100110/bin/../lib/gcc/avr/4.3.3/avr51\libgcc.a(_clz.o)

.debug_info     0x00000000     0x8100
 *(.debug_info)
 .debug_info    0x00000000      0x40c evb.o
 .debug_info    0x0000040c      0x828 dataflash.o
 .debug_info    0x00000c34      0x2d0 romfile.o
 .debug_info    0x00000f04      0x4cb socket.o
 .debug_info    0x000013cf     0x1c65 w5300.o
 .debug_info    0x00003034      0x330 httpd.o
 .debug_info    0x00003364      0x694 main.o
 .debug_info    0x000039f8      0x1e4 task_config.o
 .debug_info    0x00003bdc      0x269 delay.o
 .debug_info    0x00003e45      0x549 serial.o
 .debug_info    0x0000438e      0x9d7 wiz_util.o
 .debug_info    0x00004d65      0x219 lcd.o
 .debug_info    0x00004f7e       0xc0 tc77.o
 .debug_info    0x0000503e      0x1cd timer.o
 .debug_info    0x0000520b      0x8fb dhcp.o
 .debug_info    0x00005b06      0x1ef dhcp_task.o
 .debug_info    0x00005cf5       0xb1 c:/winavr-20100110/bin/../lib/gcc/avr/4.3.3/avr51\libgcc.a(_fixunssfsi.o)
 .debug_info    0x00005da6      0x47a c:/winavr-20100110/bin/../lib/gcc/avr/4.3.3/avr51\libgcc.a(_addsub_sf.o)
 .debug_info    0x00006220      0x485 c:/winavr-20100110/bin/../lib/gcc/avr/4.3.3/avr51\libgcc.a(_mul_sf.o)
 .debug_info    0x000066a5      0x3fc c:/winavr-20100110/bin/../lib/gcc/avr/4.3.3/avr51\libgcc.a(_div_sf.o)
 .debug_info    0x00006aa1      0x27f c:/winavr-20100110/bin/../lib/gcc/avr/4.3.3/avr51\libgcc.a(_gt_sf.o)
 .debug_info    0x00006d20      0x27f c:/winavr-20100110/bin/../lib/gcc/avr/4.3.3/avr51\libgcc.a(_ge_sf.o)
 .debug_info    0x00006f9f      0x27f c:/winavr-20100110/bin/../lib/gcc/avr/4.3.3/avr51\libgcc.a(_lt_sf.o)
 .debug_info    0x0000721e      0x2b0 c:/winavr-20100110/bin/../lib/gcc/avr/4.3.3/avr51\libgcc.a(_sf_to_si.o)
 .debug_info    0x000074ce      0x12c c:/winavr-20100110/bin/../lib/gcc/avr/4.3.3/avr51\libgcc.a(_thenan_sf.o)
 .debug_info    0x000075fa      0x206 c:/winavr-20100110/bin/../lib/gcc/avr/4.3.3/avr51\libgcc.a(_usi_to_sf.o)
 .debug_info    0x00007800      0x117 c:/winavr-20100110/bin/../lib/gcc/avr/4.3.3/avr51\libgcc.a(_clzsi2.o)
 .debug_info    0x00007917      0x2df c:/winavr-20100110/bin/../lib/gcc/avr/4.3.3/avr51\libgcc.a(_pack_sf.o)
 .debug_info    0x00007bf6      0x251 c:/winavr-20100110/bin/../lib/gcc/avr/4.3.3/avr51\libgcc.a(_unpack_sf.o)
 .debug_info    0x00007e47      0x210 c:/winavr-20100110/bin/../lib/gcc/avr/4.3.3/avr51\libgcc.a(_fpcmp_parts_sf.o)
 .debug_info    0x00008057       0xa9 c:/winavr-20100110/bin/../lib/gcc/avr/4.3.3/avr51\libgcc.a(_clz.o)
 *(.gnu.linkonce.wi.*)

.debug_abbrev   0x00000000     0x2c84
 *(.debug_abbrev)
 .debug_abbrev  0x00000000      0x197 evb.o
 .debug_abbrev  0x00000197      0x1c1 dataflash.o
 .debug_abbrev  0x00000358      0x16c romfile.o
 .debug_abbrev  0x000004c4      0x16e socket.o
 .debug_abbrev  0x00000632      0x29e w5300.o
 .debug_abbrev  0x000008d0      0x12f httpd.o
 .debug_abbrev  0x000009ff      0x28b main.o
 .debug_abbrev  0x00000c8a      0x114 task_config.o
 .debug_abbrev  0x00000d9e      0x109 delay.o
 .debug_abbrev  0x00000ea7      0x1f4 serial.o
 .debug_abbrev  0x0000109b      0x267 wiz_util.o
 .debug_abbrev  0x00001302      0x10c lcd.o
 .debug_abbrev  0x0000140e       0x88 tc77.o
 .debug_abbrev  0x00001496       0xef timer.o
 .debug_abbrev  0x00001585      0x2a1 dhcp.o
 .debug_abbrev  0x00001826       0xd8 dhcp_task.o
 .debug_abbrev  0x000018fe       0x5d c:/winavr-20100110/bin/../lib/gcc/avr/4.3.3/avr51\libgcc.a(_fixunssfsi.o)
 .debug_abbrev  0x0000195b      0x1ea c:/winavr-20100110/bin/../lib/gcc/avr/4.3.3/avr51\libgcc.a(_addsub_sf.o)
 .debug_abbrev  0x00001b45      0x21b c:/winavr-20100110/bin/../lib/gcc/avr/4.3.3/avr51\libgcc.a(_mul_sf.o)
 .debug_abbrev  0x00001d60      0x216 c:/winavr-20100110/bin/../lib/gcc/avr/4.3.3/avr51\libgcc.a(_div_sf.o)
 .debug_abbrev  0x00001f76      0x15a c:/winavr-20100110/bin/../lib/gcc/avr/4.3.3/avr51\libgcc.a(_gt_sf.o)
 .debug_abbrev  0x000020d0      0x15a c:/winavr-20100110/bin/../lib/gcc/avr/4.3.3/avr51\libgcc.a(_ge_sf.o)
 .debug_abbrev  0x0000222a      0x15a c:/winavr-20100110/bin/../lib/gcc/avr/4.3.3/avr51\libgcc.a(_lt_sf.o)
 .debug_abbrev  0x00002384      0x17f c:/winavr-20100110/bin/../lib/gcc/avr/4.3.3/avr51\libgcc.a(_sf_to_si.o)
 .debug_abbrev  0x00002503       0xad c:/winavr-20100110/bin/../lib/gcc/avr/4.3.3/avr51\libgcc.a(_thenan_sf.o)
 .debug_abbrev  0x000025b0      0x157 c:/winavr-20100110/bin/../lib/gcc/avr/4.3.3/avr51\libgcc.a(_usi_to_sf.o)
 .debug_abbrev  0x00002707       0xc4 c:/winavr-20100110/bin/../lib/gcc/avr/4.3.3/avr51\libgcc.a(_clzsi2.o)
 .debug_abbrev  0x000027cb      0x1c0 c:/winavr-20100110/bin/../lib/gcc/avr/4.3.3/avr51\libgcc.a(_pack_sf.o)
 .debug_abbrev  0x0000298b      0x154 c:/winavr-20100110/bin/../lib/gcc/avr/4.3.3/avr51\libgcc.a(_unpack_sf.o)
 .debug_abbrev  0x00002adf      0x13b c:/winavr-20100110/bin/../lib/gcc/avr/4.3.3/avr51\libgcc.a(_fpcmp_parts_sf.o)
 .debug_abbrev  0x00002c1a       0x6a c:/winavr-20100110/bin/../lib/gcc/avr/4.3.3/avr51\libgcc.a(_clz.o)

.debug_line     0x00000000     0x5d3a
 *(.debug_line)
 .debug_line    0x00000000      0x2f4 evb.o
 .debug_line    0x000002f4      0x7e2 dataflash.o
 .debug_line    0x00000ad6      0x204 romfile.o
 .debug_line    0x00000cda      0x44a socket.o
 .debug_line    0x00001124      0xed8 w5300.o
 .debug_line    0x00001ffc      0x283 httpd.o
 .debug_line    0x0000227f      0x8e4 main.o
 .debug_line    0x00002b63      0x2b0 task_config.o
 .debug_line    0x00002e13      0x1cd delay.o
 .debug_line    0x00002fe0      0x406 serial.o
 .debug_line    0x000033e6      0x657 wiz_util.o
 .debug_line    0x00003a3d      0x2b4 lcd.o
 .debug_line    0x00003cf1       0xad tc77.o
 .debug_line    0x00003d9e      0x17e timer.o
 .debug_line    0x00003f1c      0xafd dhcp.o
 .debug_line    0x00004a19      0x14b dhcp_task.o
 .debug_line    0x00004b64       0xa7 c:/winavr-20100110/bin/../lib/gcc/avr/4.3.3/avr51\libgcc.a(_fixunssfsi.o)
 .debug_line    0x00004c0b      0x2af c:/winavr-20100110/bin/../lib/gcc/avr/4.3.3/avr51\libgcc.a(_addsub_sf.o)
 .debug_line    0x00004eba      0x239 c:/winavr-20100110/bin/../lib/gcc/avr/4.3.3/avr51\libgcc.a(_mul_sf.o)
 .debug_line    0x000050f3      0x1d5 c:/winavr-20100110/bin/../lib/gcc/avr/4.3.3/avr51\libgcc.a(_div_sf.o)
 .debug_line    0x000052c8       0xd3 c:/winavr-20100110/bin/../lib/gcc/avr/4.3.3/avr51\libgcc.a(_gt_sf.o)
 .debug_line    0x0000539b       0xd3 c:/winavr-20100110/bin/../lib/gcc/avr/4.3.3/avr51\libgcc.a(_ge_sf.o)
 .debug_line    0x0000546e       0xd3 c:/winavr-20100110/bin/../lib/gcc/avr/4.3.3/avr51\libgcc.a(_lt_sf.o)
 .debug_line    0x00005541      0x109 c:/winavr-20100110/bin/../lib/gcc/avr/4.3.3/avr51\libgcc.a(_sf_to_si.o)
 .debug_line    0x0000564a       0x90 c:/winavr-20100110/bin/../lib/gcc/avr/4.3.3/avr51\libgcc.a(_thenan_sf.o)
 .debug_line    0x000056da      0x133 c:/winavr-20100110/bin/../lib/gcc/avr/4.3.3/avr51\libgcc.a(_usi_to_sf.o)
 .debug_line    0x0000580d       0xa5 c:/winavr-20100110/bin/../lib/gcc/avr/4.3.3/avr51\libgcc.a(_clzsi2.o)
 .debug_line    0x000058b2      0x18a c:/winavr-20100110/bin/../lib/gcc/avr/4.3.3/avr51\libgcc.a(_pack_sf.o)
 .debug_line    0x00005a3c      0x14b c:/winavr-20100110/bin/../lib/gcc/avr/4.3.3/avr51\libgcc.a(_unpack_sf.o)
 .debug_line    0x00005b87      0x137 c:/winavr-20100110/bin/../lib/gcc/avr/4.3.3/avr51\libgcc.a(_fpcmp_parts_sf.o)
 .debug_line    0x00005cbe       0x7c c:/winavr-20100110/bin/../lib/gcc/avr/4.3.3/avr51\libgcc.a(_clz.o)

.debug_frame    0x00000000      0xfb0
 *(.debug_frame)
 .debug_frame   0x00000000       0xf0 evb.o
 .debug_frame   0x000000f0       0xe0 dataflash.o
 .debug_frame   0x000001d0       0x70 romfile.o
 .debug_frame   0x00000240       0xb0 socket.o
 .debug_frame   0x000002f0      0x4a0 w5300.o
 .debug_frame   0x00000790       0x70 httpd.o
 .debug_frame   0x00000800       0xb0 main.o
 .debug_frame   0x000008b0       0x40 task_config.o
 .debug_frame   0x000008f0       0x40 delay.o
 .debug_frame   0x00000930       0xd0 serial.o
 .debug_frame   0x00000a00      0x1e0 wiz_util.o
 .debug_frame   0x00000be0       0xa0 lcd.o
 .debug_frame   0x00000c80       0x30 tc77.o
 .debug_frame   0x00000cb0       0x50 timer.o
 .debug_frame   0x00000d00       0xb0 dhcp.o
 .debug_frame   0x00000db0       0x40 dhcp_task.o
 .debug_frame   0x00000df0       0x20 c:/winavr-20100110/bin/../lib/gcc/avr/4.3.3/avr51\libgcc.a(_fixunssfsi.o)
 .debug_frame   0x00000e10       0x40 c:/winavr-20100110/bin/../lib/gcc/avr/4.3.3/avr51\libgcc.a(_addsub_sf.o)
 .debug_frame   0x00000e50       0x20 c:/winavr-20100110/bin/../lib/gcc/avr/4.3.3/avr51\libgcc.a(_mul_sf.o)
 .debug_frame   0x00000e70       0x20 c:/winavr-20100110/bin/../lib/gcc/avr/4.3.3/avr51\libgcc.a(_div_sf.o)
 .debug_frame   0x00000e90       0x20 c:/winavr-20100110/bin/../lib/gcc/avr/4.3.3/avr51\libgcc.a(_gt_sf.o)
 .debug_frame   0x00000eb0       0x20 c:/winavr-20100110/bin/../lib/gcc/avr/4.3.3/avr51\libgcc.a(_ge_sf.o)
 .debug_frame   0x00000ed0       0x20 c:/winavr-20100110/bin/../lib/gcc/avr/4.3.3/avr51\libgcc.a(_lt_sf.o)
 .debug_frame   0x00000ef0       0x20 c:/winavr-20100110/bin/../lib/gcc/avr/4.3.3/avr51\libgcc.a(_sf_to_si.o)
 .debug_frame   0x00000f10       0x20 c:/winavr-20100110/bin/../lib/gcc/avr/4.3.3/avr51\libgcc.a(_usi_to_sf.o)
 .debug_frame   0x00000f30       0x20 c:/winavr-20100110/bin/../lib/gcc/avr/4.3.3/avr51\libgcc.a(_clzsi2.o)
 .debug_frame   0x00000f50       0x20 c:/winavr-20100110/bin/../lib/gcc/avr/4.3.3/avr51\libgcc.a(_pack_sf.o)
 .debug_frame   0x00000f70       0x20 c:/winavr-20100110/bin/../lib/gcc/avr/4.3.3/avr51\libgcc.a(_unpack_sf.o)
 .debug_frame   0x00000f90       0x20 c:/winavr-20100110/bin/../lib/gcc/avr/4.3.3/avr51\libgcc.a(_fpcmp_parts_sf.o)

.debug_str      0x00000000     0x1961
 *(.debug_str)
 .debug_str     0x00000000      0x173 evb.o
                                0x1b7 (size before relaxing)
 .debug_str     0x00000173      0x15b dataflash.o
                                0x249 (size before relaxing)
 .debug_str     0x000002ce       0xf4 romfile.o
                                0x209 (size before relaxing)
 .debug_str     0x000003c2       0xbf socket.o
                                0x1d5 (size before relaxing)
 .debug_str     0x00000481      0x3c6 w5300.o
                                0x4f3 (size before relaxing)
 .debug_str     0x00000847       0xff httpd.o
                                0x224 (size before relaxing)
 .debug_str     0x00000946      0x1e9 main.o
                                0x31f (size before relaxing)
 .debug_str     0x00000b2f       0x5c task_config.o
                                0x178 (size before relaxing)
 .debug_str     0x00000b8b       0x99 delay.o
                                0x187 (size before relaxing)
 .debug_str     0x00000c24      0x17a serial.o
                                0x299 (size before relaxing)
 .debug_str     0x00000d9e      0x1a8 wiz_util.o
                                0x318 (size before relaxing)
 .debug_str     0x00000f46       0x74 lcd.o
                                0x167 (size before relaxing)
 .debug_str     0x00000fba       0x33 tc77.o
                                0x119 (size before relaxing)
 .debug_str     0x00000fed       0x87 timer.o
                                0x1a5 (size before relaxing)
 .debug_str     0x00001074      0x5fa dhcp.o
                                0x76a (size before relaxing)
 .debug_str     0x0000166e       0x46 dhcp_task.o
                                0x17d (size before relaxing)
 .debug_str     0x000016b4       0x81 c:/winavr-20100110/bin/../lib/gcc/avr/4.3.3/avr51\libgcc.a(_fixunssfsi.o)
                                 0xff (size before relaxing)
 .debug_str     0x00001735      0x142 c:/winavr-20100110/bin/../lib/gcc/avr/4.3.3/avr51\libgcc.a(_addsub_sf.o)
                                0x207 (size before relaxing)
 .debug_str     0x00001877       0x27 c:/winavr-20100110/bin/../lib/gcc/avr/4.3.3/avr51\libgcc.a(_mul_sf.o)
                                0x1c0 (size before relaxing)
 .debug_str     0x0000189e       0x35 c:/winavr-20100110/bin/../lib/gcc/avr/4.3.3/avr51\libgcc.a(_div_sf.o)
                                0x1c9 (size before relaxing)
 .debug_str     0x000018d3        0x8 c:/winavr-20100110/bin/../lib/gcc/avr/4.3.3/avr51\libgcc.a(_gt_sf.o)
                                0x196 (size before relaxing)
 .debug_str     0x000018db        0x8 c:/winavr-20100110/bin/../lib/gcc/avr/4.3.3/avr51\libgcc.a(_ge_sf.o)
                                0x196 (size before relaxing)
 .debug_str     0x000018e3        0x8 c:/winavr-20100110/bin/../lib/gcc/avr/4.3.3/avr51\libgcc.a(_lt_sf.o)
                                0x196 (size before relaxing)
 .debug_str     0x000018eb        0xa c:/winavr-20100110/bin/../lib/gcc/avr/4.3.3/avr51\libgcc.a(_sf_to_si.o)
                                0x19f (size before relaxing)
 .debug_str     0x00000000      0x104 c:/winavr-20100110/bin/../lib/gcc/avr/4.3.3/avr51\libgcc.a(_thenan_sf.o)
 .debug_str     0x000018f5       0x21 c:/winavr-20100110/bin/../lib/gcc/avr/4.3.3/avr51\libgcc.a(_usi_to_sf.o)
                                0x178 (size before relaxing)
 .debug_str     0x00001916       0x20 c:/winavr-20100110/bin/../lib/gcc/avr/4.3.3/avr51\libgcc.a(_clzsi2.o)
                                0x112 (size before relaxing)
 .debug_str     0x00001936       0x10 c:/winavr-20100110/bin/../lib/gcc/avr/4.3.3/avr51\libgcc.a(_pack_sf.o)
                                0x19e (size before relaxing)
 .debug_str     0x00001946        0xb c:/winavr-20100110/bin/../lib/gcc/avr/4.3.3/avr51\libgcc.a(_unpack_sf.o)
                                0x180 (size before relaxing)
 .debug_str     0x00001951       0x10 c:/winavr-20100110/bin/../lib/gcc/avr/4.3.3/avr51\libgcc.a(_fpcmp_parts_sf.o)
                                0x164 (size before relaxing)
 .debug_str     0x00000000       0xf5 c:/winavr-20100110/bin/../lib/gcc/avr/4.3.3/avr51\libgcc.a(_clz.o)

.debug_loc      0x00000000     0x419f
 *(.debug_loc)
 .debug_loc     0x00000000      0x17c evb.o
 .debug_loc     0x0000017c      0x1be dataflash.o
 .debug_loc     0x0000033a      0x293 romfile.o
 .debug_loc     0x000005cd      0x847 socket.o
 .debug_loc     0x00000e14      0x806 w5300.o
 .debug_loc     0x0000161a      0x3a4 httpd.o
 .debug_loc     0x000019be      0xa3a main.o
 .debug_loc     0x000023f8       0x96 task_config.o
 .debug_loc     0x0000248e      0x154 delay.o
 .debug_loc     0x000025e2      0x3c9 serial.o
 .debug_loc     0x000029ab      0x93f wiz_util.o
 .debug_loc     0x000032ea       0xf9 lcd.o
 .debug_loc     0x000033e3       0x40 tc77.o
 .debug_loc     0x00003423       0x50 timer.o
 .debug_loc     0x00003473      0x3be dhcp.o
 .debug_loc     0x00003831       0x34 c:/winavr-20100110/bin/../lib/gcc/avr/4.3.3/avr51\libgcc.a(_fixunssfsi.o)
 .debug_loc     0x00003865      0x32a c:/winavr-20100110/bin/../lib/gcc/avr/4.3.3/avr51\libgcc.a(_addsub_sf.o)
 .debug_loc     0x00003b8f      0x104 c:/winavr-20100110/bin/../lib/gcc/avr/4.3.3/avr51\libgcc.a(_mul_sf.o)
 .debug_loc     0x00003c93       0xc0 c:/winavr-20100110/bin/../lib/gcc/avr/4.3.3/avr51\libgcc.a(_div_sf.o)
 .debug_loc     0x00003d53       0x3c c:/winavr-20100110/bin/../lib/gcc/avr/4.3.3/avr51\libgcc.a(_gt_sf.o)
 .debug_loc     0x00003d8f       0x3c c:/winavr-20100110/bin/../lib/gcc/avr/4.3.3/avr51\libgcc.a(_ge_sf.o)
 .debug_loc     0x00003dcb       0x3c c:/winavr-20100110/bin/../lib/gcc/avr/4.3.3/avr51\libgcc.a(_lt_sf.o)
 .debug_loc     0x00003e07       0x7e c:/winavr-20100110/bin/../lib/gcc/avr/4.3.3/avr51\libgcc.a(_sf_to_si.o)
 .debug_loc     0x00003e85       0x4c c:/winavr-20100110/bin/../lib/gcc/avr/4.3.3/avr51\libgcc.a(_usi_to_sf.o)
 .debug_loc     0x00003ed1       0x94 c:/winavr-20100110/bin/../lib/gcc/avr/4.3.3/avr51\libgcc.a(_clzsi2.o)
 .debug_loc     0x00003f65      0x13e c:/winavr-20100110/bin/../lib/gcc/avr/4.3.3/avr51\libgcc.a(_pack_sf.o)
 .debug_loc     0x000040a3       0xac c:/winavr-20100110/bin/../lib/gcc/avr/4.3.3/avr51\libgcc.a(_unpack_sf.o)
 .debug_loc     0x0000414f       0x50 c:/winavr-20100110/bin/../lib/gcc/avr/4.3.3/avr51\libgcc.a(_fpcmp_parts_sf.o)

.debug_macinfo
 *(.debug_macinfo)
OUTPUT(wiz-web.elf elf32-avr)
LOAD linker stubs

.debug_ranges   0x00000000      0x388
 .debug_ranges  0x00000000       0x18 evb.o
 .debug_ranges  0x00000018       0xc0 w5300.o
 .debug_ranges  0x000000d8      0x208 main.o
 .debug_ranges  0x000002e0       0x58 dhcp.o
 .debug_ranges  0x00000338       0x50 c:/winavr-20100110/bin/../lib/gcc/avr/4.3.3/avr51\libgcc.a(_mul_sf.o)
